Release date: 2026-02-17 10:05 (Taipei, GMT+08:00)
Author: Mike Chang (mikechang.engr@gmail.com)
Repository: https://github.com/mikechang-engr/software-packet-distributor
File: System log of Software Packet Distributor v1.0.5 runs (4 cases)
Notes: Sanitized IP/MAC and personal paths for public sharing.

## System Log (Sanitized)

<details><summary>Click to expand full log</summary>

```text
=~=~=~=~=~=~=~=~=~=~=~= PuTTY log 2026.02.09 16:16:27 =~=~=~=~=~=~=~=~=~=~=~=

root@localhost:~# 
root@localhost:~# reseboot
         Stopping Session 1 of user root.
[  OK  ] Removed slice system-modprobe.slice.
[  OK  ] Stopped target Graphical Interface.
[  OK  ] Stopped target Multi-User System.
[  OK  ] Stopped target Login Prompts.
[  OK  ] Stopped target Containers.
[  OK  ] Stopped target Host and Network Name Lookups.
[  OK  ] Stopped target Timers.
[  OK  ] Stopped Daily apt upgrade and clean activities.
[  OK  ] Stopped Daily apt download activities.
[  OK  ] Stopped Periodic ext4 Onliata Check for All Filesystems.
[  OK  ] Stopped Discard unused blocks once a week.
[  OK  ] Stopped Daily rotation of log files.
[  OK  ] Stopped Daily man-db regeneration.
[  OK  ] Stopped Message of the Day.
[  OK  ] Stopped Daily Cleanup of Temporary Directories.
[  OK  ] Closed LVM2 poll daemon socket.
         Stopping Availability of block devices...
         Stopping Regular background program processing daemon...
         Stopping Docker Application Container Engine...
         Stopping Create final runtdir for shutdown pivot root...
         Stopping Getty on tty1...
         Stopping Glances Web User Interface (per-CPU)...
         Stopping Glances...
         Stopping LSB: disk temperature monitoring daemon...
[  OK  ] Stopped Pin all device IRQs to housekeeping CPUs (0-1).
         Stopping LSB: Load kernel image with kexec...
         Stopping Suspend/Resume Running libvirt Guests...
[  OK  ] Stopped Initialize hardware monitoring sensors.
         Stopping Dispatcher daemon for systemd-networkd...
[  OK  ] Stopped QEMU KVM preparation - module, ksm, hugepages.
         Stopping System Logging Service...
         Stopping Serial Getty on ttyAMA0...
         Stopping Samba SMB Daemon...
         Stopping OpenBSD Secure Shell server...
         Stopping strongSwan IPsec Ev2 daemon using ipsec.conf...
[  OK  ] Stopped Resets System Activity Data Collector.
         Stopping Load/Save Random Seed...
         Stopping Unattended Upgrades Shutdown...
[  OK  ] Stopped Regular background program processing daemon.
[  OK  ] Stopped Glances Web User Interface (per-CPU).
[  OK  ] Stopped Glances.
[  OK  ] Stopped Dispatcher daemon for systemd-networkd.
[  OK  ] Stopped System Logging Service.
[  OK  ] Stopped strongSwan IPsec IIKEv2 daemon using ipsec.conf.
[  OK  ] Stopped OpenBSD Secure Shell server.
[  OK  ] Stopped Docker Application Container Engine.
[  OK  ] Stopped Serial Getty on ttyAMA0.
[  OK  ] Stopped Unattended Upgrades Shutdown.
[  OK  ] Stopped Getty on tty1.
[  OK  ] Stopped Samba SMB Daemon.
[  OK  ] Stopped Availability of block devices.
[  OK  ] Stopped Create final runtime dir for shutdown pivot root.
[  OK  ] Stopped Load/Save Random Seed.
[  OK  ] Stopped Session 1 of user root.
[  OK  ] Stopped LSB: disk temperature monitoring daemon.
[  OK  ] Removed slice system-getty.slice.
[  OK  ] Removed slice system-serial\x2dgetty.slice.
         Stopping containerd container runtime...
         Stopping Samba NMB Daemon...
         Stopping User Manager for UID 0...
[  OK  ] Stopped Samba NMB Daemon.
[  507.941911] libvirt-guests.sh[1356]: Running guests on default URI:
[  OK  ] Stopped containerd container runtime.
[  507.968513] libvirt-guests.sh[1365]: no running guests.
[  OK  ] Stopped User Manager for UID 0.
[  OK  ] Stopped LSB: Load kernel image with kexec.
[  OK  ] Stopped Suspend/Resume Running libvirt Guests.
[  OK  ] Stopped target Network is Online.
[  OK  ] Stopped target System Time Synchronized.
[  OK  ] Stopped target System Time Set.
[  OK  ] Stopped target Libvirt guests shutdown.
         Stopping LSB: Execute the -e command to reboot system...
         Stopping Virtualization daemon...
         Stopping User Runtime Directory /run/user/0...
[  OK  ] Unmounted /run/user/0.
[  OK  ] Stopped Virtualization daemon.
[  OK  ] Stopped User Runtime Directory /run/user/0.
[  OK  ] Removed slice User Slice of UID 0.
         Stopping D-Bus System Message Bus...
         Stopping Login Service...
         Stopping Virtual Machine atainer Registration Service...
         Stopping Permit User Sessions...
[  OK  ] Stopped Login Service.
[  OK  ] Stopped Virtual Machine anontainer Registration Service.
[  OK  ] Stopped D-Bus System Message Bus.
[  OK  ] Stopped Permit User Sessions.
[  OK  ] Stopped target Network.
[  OK  ] Stopped target Remote File Systems.
         Stopping ifup for eth1...
         Stopping Raise network interfaces...
         Stopping Network Name Resolution...
[  OK  ] Stopped Network Name Resolution.
[  OK  ] Stopped LSB: Execute the kc -e command to reboot system.
[  OK  ] Stopped ifup for eth1.
[  OK  ] Stopped Raise network interfaces.
[  OK  ] Stopped target Basic System.
[  OK  ] Stopped target Paths.
[  OK  ] Stopped target Slices.
[  OK  ] Removed slice Virtual Machine and Container Slice.
[  OK  ] Removed slice User and Session Slice.
[  OK  ] Stopped target Sockets.
[  OK  ] Closed D-Bus System Message Bus Socket.
[  OK  ] Closed Docker Socket for the API.
[  OK  ] Closed Libvirt admin socket.
[  OK  ] Closed Libvirt local read-only socket.
[  OK  ] Closed Libvirt local socket.
[  OK  ] Closed Syslog Socket.
[  OK  ] Closed Virtual machine lock manager admin socket.
[  OK  ] Closed Virtual machine lock manager socket.
[  OK  ] Closed Virtual machine log manager socket.
[  OK  ] Closed Virtual machine log manager socket.
[  OK  ] Stopped target System Initialization.
[  OK  ] Stopped target Local Encrypted Volumes.
[  OK  ] Stopped Dispatch Password ts to Console Directory Watch.
[  OK  ] Stopped Forward Password Ruests to Wall Directory Watch.
[  OK  ] Stopped target Swap.
[  OK  ] Stopped Apply Kernel Variables.
[  OK  ] Stopped Load Kernel Modules.
         Stopping Network Time Synchronization...
         Stopping Update UTMP about System Boot/Shutdown...
[  OK  ] Stopped Network Time Synchronization.
[  OK  ] Stopped Update UTMP about System Boot/Shutdown.
[  OK  ] Stopped Create Volatile Files and Directories.
[  OK  ] Stopped target Local File Systems.
         Unmounting Boot Partition...
         Unmounting /mnt/huge...
         Unmounting /mnt/huge-1G...
[  OK  ] Unmounted Boot Partition.
[  OK  ] Unmounted /mnt/huge.
[  OK  ] Unmounted /mnt/huge-1G.
[  OK  ] Stopped target Local File Systems (Pre).
[  OK  ] Reached target Unmount All Filesystems.
         Stopping Monitoring of LVMmeventd or progress polling...
[  OK  ] Stopped Create Static Device Nodes in /dev.
[  OK  ] Stopped Create System Users.
[  OK  ] Stopped Remount Root and Kernel File Systems.
[  OK  ] Stopped Monitoring of LVM2 dmeventd or progress polling.
[  OK  ] Reached target Shutdown.
[  OK  ] Reached target Final Step.
[  OK  ] Finished Reboot.
[  OK  ] Reached target Reboot.
[  509.613259] watchdog: watchdog0: watchdog did not stop!
[  509.764937] watchdog: watchdog0: watchdog did not stop!
[  510.058459] reboot: Restarting system
NOTICE:  BL2: v2.4(release):LSDK-21.08-0-g340b20bcb
NOTICE:  BL2: Built : 22:25:01, Aug 27 2021
NOTICE:  UDIMM 18ADF2G72AZ-3G2E1 
NOTICE:  DDR PMU Hardware version-0x1210
NOTICE:  DDR PMU Firmware vision-0x1001 (vA-2019.04)
NOTICE:  DDR4 UDIMM with 2-rank 64-bit bus (x8)

NOTICE:  32 GB DDR4, 64-bit, CL=22, ECC on, 256B, CS0+CS1
NOTICE:  BL2: Booting BL31
NOTICE:  BL31: v2.4(release):LSDK-21.08-0-g340b20bcb
NOTICE:  BL31: Built : 22:24:56, Aug 27 2021
NOTICE:  Welcome to lx2160ardb BL31 Phase


U-Boot 2021.04-ge2eba0cd58 (Aug 27 2021 - 22:24:12 +0800)

SoC:  LX2160ACE Rev2.0 (0x87360020)
Clock Configuration:
       CPU0(A72):2200 MHz  CPU1(A72):2200 MHz  CPU2(A72):2200 MHz  
       CPU3(A72):2200 MHz  CPU4(A72):2200 MHz  CPU5(A72):2200 MHz  
       CPU6(A72):2200 MHz  CPU7(A72):2200 MHz  CPU8(A72):2200 MHz  
       CPU9(A72):2200 MHz  CPU10(A72):2200 MHz  CPU11(A72):2200 MHz  
       CPU12(A72):2200 MHz  CPU13(A72):2200 MHz  CPU14(A72):2200 MHz  
       CPU15(A72):2200 MHz  
       Bus:      750  MHz  DDR:      3200 MT/s
Reset Configuration Word (RCW):
       00000000: 5883833c 24580058 00000000 00000000
       00000010: 00000000 0c010000 00000000 00000000
       00000020: 036001a0 00002580 00000000 00000096
       00000030: 00000000 00000000 00000000 00000000
       00000040: 00000000 00000000 00000000 00000000
       00000050: 00000000 00000000 00000000 00000000
       00000060: 00000000 00000000 00027000 00000000
       00000070: 08b30010 00150020
Model: NXP Layerscape LX2160ARDB Board
Board: LX2160ACE Rev2.0-RDB, Board version: B, boot from FlexSPI DEV#0
FPGA: v8.0
SERDES1 Reference: Clock1 = 161.13MHz Clock2 = 161.13MHz
SERDES2 Reference: Clock1 = 100MHz Clock2 = 100MHz
SERDES3 Reference: Clock1 = 100MHz Clock2 = 100MHz
VID: Core voltage after adjustment is at 852 mV
DRAM:  31.9 GiB
DDR    31.9 GiB (DDR4, 64-bit, CL=22, ECC on)
       DDR Controller Interleaving Mode: 256B
       DDR Chip-Select Interleaving Mode: CS0+CS1
Using SERDES1 Protocol: 19 (0x13)
Using SERDES2 Protocol: 5 (0x5)
Using SERDES3 Protocol: 2 (0x2)
PCIe1: pcie@3400000 disabled
PCIe2: pcie@3500000 disabled
PCIe3: pcie@3600000 Root Complex: no link
PCIe4: pcie@3700000 disabled
PCIe5: pcie@3800000 Root Complex: no link
PCIe6: pcie@3900000 disabled
WDT:   Started with servicing (30s timeout)
MMC:   FSL_SDHC: 0, FSL_SDHC: 1
Loading Environment from SPIFlash... SF: Detected mt35xu512aba with page size 256 Bytes, erase size 128 KiB, total 64 MiB
OK
EEPROM: NXID v1
In:    serial_pl01x
Out:   serial_pl01x
Err:   serial_pl01x
SEC0:  RNG instantiated
Net:   
CS4223: Using software initialization...
CS4223: edc/gain/equalization settings: host: CX/4dB/4dB, line: SR/4dB/4dB
mdio@8b97000:0 is connected to DPMAC5@25g-aui.  Reconnecting to DPMAC6@25g-aui
eth0: DPMAC2@xlaui4, eth1: DPMAC3@usxgmii, eth2: DPMAC4@usxgmii, eth3: DPMAC5@25g-aui, eth4: DPMAC6@25g-aui, eth5: DPMAC17@rgmii-id, eth6: DPMAC18@rgmii-id
SF: Detected mt35xu512aba with page size 256 Bytes, erase size 128 KiB, total 64 MiB
device 0 offset 0x640000, size 0x80000
SF: 524288 bytes @ 0x640000 Read: OK
device 0 offset 0xa00000, size 0x300000
SF: 3145728 bytes @ 0xa00000 Read: OK
device 0 offset 0xe00000, size 0x100000
SF: 1048576 bytes @ 0xe00000 Read: OK
crc32+ 
fsl-mc: Booting Management Complex ... SUCCESS
fsl-mc: Management Complex booted (version: 10.35.0, boot status: 0x1)
Hit any key to stop autoboot:  3  2  1  0 
SF: Detected mt35xu512aba with page size 256 Bytes, erase size 128 KiB, total 64 MiB
device 0 offset 0x6c0000, size 0x40000
SF: 262144 bytes @ 0x6c0000 Read: OK
device 0 offset 0xd00000, size 0x100000
SF: 1048576 bytes @ 0xd00000 Read: OK
starting USB...
Bus usb3@3100000: Register 200017f NbrPorts 2
Starting the controller
USB XHCI 1.00
Bus usb3@3110000: Register 200017f NbrPorts 2
Starting the controller
USB XHCI 1.00
scanning bus usb3@3100000 for devices... 1 USB Device(s) found
scanning bus usb3@3110000 for devices... 1 USB Device(s) found
       scanning usb for storage devices... 0 Storage Device(s) found

Device 0: unknown device
MMC: no card present
switch to partitions #0, OK
mmc1(part 0) is current device
Scanning mmc 1:1...
libfdt fdt_check_header(): FDT_ERR_BADMAGIC
MMC: no card present
Scanning disk [redacted-email]...
Disk [redacted-email] not ready
Scanning disk [redacted-email]...
Found 5 disks
No EFI system partition
ERROR: invalid device tree
Scanning mmc 1:2...
Found U-Boot script /lx2160ardb_boot.scr
501 bytes read in 8 ms (60.5 KiB/s)
## Executing script at 80000000
41159168 bytes read in 167 ms (235 MiB/s)
42158 bytes read in 9 ms (4.5 MiB/s)
## Flattened Device Tree blob at 90000000
   Booting using the fdt blob at 0x90000000
   Loading Device Tree to 000000009fff2000, end 000000009ffff4ad ... OK
fsl-mc: Deploying data path layout ... SUCCESS

Starting kernel ...

[    0.000000] Booting Linux on physical CPU 0x0000000000 [0x410fd083]
[    0.000000] Linux version 5.10.35 (jenkins@pluto) (aarch64-linux-gnu-gcc (Ubuntu 9.3.0-17ubuntu1~20.04) 9.3.0, GNU ld (GNU Binutils for Ubuntu) 2.34) #1 SMP PREEMPT Fri Aug 27 22:03:58 CST 2021
[    0.000000] Machine model: NXP Layerscape LX2160ARDB
[    0.000000] earlycon: pl11 at MMIO32 0x00000000021c0000 (options '')
[    0.000000] printk: bootconsole [pl11] enabled
[    0.000000] efi: UEFI not found.
[    0.000000] cma: Reserved 32 MiB at 0x00000000f9c00000
[    0.000000] NUMA: No NUMA configuration found
[    0.000000] NUMA: Faking a node at [mem 0x0000000080000000-0x000000277fffffff]
[    0.000000] NUMA: NODE_DATA [mem 0x277c3d6b00-0x277c3d8fff]
[    0.000000] Zone ranges:
[    0.000000]   DMA      [mem 0x0000000080000000-0x00000000ffffffff]
[    0.000000]   DMA32    empty
[    0.000000]   Normal   [mem 0x0000000100000000-0x000000277fffffff]
[    0.000000] Movable zone start for each node
[    0.000000] Early memory node ranges
[    0.000000]   node   0: [mem 0x0000000080000000-0x00000000fbdfffff]
[    0.000000]   node   0: [mem 0x0000002080000000-0x000000277fffffff]
[    0.000000] Initmem setup node 0 [mem 0x0000000080000000-0x000000277fffffff]
[    0.000000] psci: probing for conduit method from DT.
[    0.000000] psci: PSCIv1.1 detected in firmware.
[    0.000000] psci: Using standard PSCI v0.2 function IDs
[    0.000000] psci: Trusted OS migration not required
[    0.000000] psci: SMC Calling Convention v1.2
[    0.000000] percpu: Embedded 24 pages/cpu s60120 r8192 d29992 u98304
[    0.000000] Detected PIPT I-cache on CPU0
[    0.000000] CPU features: detected: GIC system register CPU interface
[    0.000000] CPU features: detected: EL2 vector hardening
[    0.000000] CPU features: kernel page table isolation forced ON by KASLR
[    0.000000] CPU features: detected: Kernel page table isolation (KPTI)
[    0.000000] CPU features: detected: Spectre-v2
[    0.000000] CPU features: detected: ARM errata 1165522, 1319367, or 1530923
[    0.000000] Built 1 zonelists, mobility grouping on.  Total pages: 7724544
[    0.000000] Policy zone: Normal
[    0.000000] Kernel command line: console=ttyAMA0,115200 earlycon=pl011,mmio32,0x21c0000 root=PARTUUID=e0792da3-04 rw rootwait pci=pcie_bus_perf default_hugepagesz=1G hugepagesz=1G hugepages=4 hugepagesz=2M hugepages=2048 transparent_hugepage=never isolcpus=2-7,8-15 nohz_full=2-7,8-15 rcu_nocbs=2-7,8-15 irqaffinity=0-1
[    0.000000] Housekeeping: nohz unsupported. Build with CONFIG_NO_HZ_FULL
[    0.000000] Dentry cache hash table entries: 4194304 (order: 13, 33554432 bytes, linear)
[    0.000000] Inode-cache hash table entries: 2097152 (order: 12, 16777216 bytes, linear)
[    0.000000] mem auto-init: stack:off, heap alloc:off, heap free:off
[    0.000000] software IO TLB: mapped [mem 0x00000000f5c00000-0x00000000f9c00000] (64MB)
[    0.000000] Memory: 26449496K/31389696K available (20416K kernel code, 3074K rwdata, 9944K rodata, 6656K init, 1035K bss, 4907432K reserved, 32768K cma-reserved)
[    0.000000] rcu: Preemptible hierarchical RCU implementation.
[    0.000000] rcu: RCU event tracing is enabled.
[    0.000000] Trampoline variant of Tasks RCU enabled.
[    0.000000] rcu: RCU calculated value of scheduler-enlistment delay is 25 jiffies.
[    0.000000] NR_IRQS: 64, nr_irqs: 64, preallocated irqs: 0
[    0.000000] GICv3: GIC: Using split EOI/Deactivate mode
[    0.000000] GICv3: 256 SPIs implemented
[    0.000000] GICv3: 0 Extended SPIs implemented
[    0.000000] GICv3: Distributor has no Range Selector support
[    0.000000] GICv3: 16 PPIs implemented
[    0.000000] GICv3: CPU0: found redistributor 0 region 0:0x0000000006200000
[    0.000000] ITS [mem 0x06020000-0x0603ffff]
[    0.000000] ITS@0x0000000006020000: allocated 65536 Devices @2080080000 (flat, esz 8, psz 64K, shr 0)
[    0.000000] ITS: using cache flushing for cmd queue
[    0.000000] GICv3: Using preallocated redistributor tables
[    0.000000] GICv3: using LPI property table @0x0000000080000000
[    0.000000] GICv3: CPU0: using reserved LPI pending table @0x0000000080010000
[    0.000000] random: get_random_bytes called from start_kernel+0x32c/0x4f0 with crng_init=0
[    0.000000] arch_timer: cp15 timer(s) running at 25.00MHz (phys).
[    0.000000] clocksource: arch_sys_counter: mask: 0xffffffffffffff max_cycles: 0x5c409fb33, max_idle_ns: 440795203156 ns
[    0.000001] sched_clock: 56 bits at 25MHz, resolution 39ns, wraps every 4398046511103ns
[    0.008525] Console: colour dummy device 80x25
[    0.013059] Calibrating delay loop (skipped), value calculated using timer frequency.. 50.00 BogoMIPS (lpj=100000)
[    0.023526] pid_max: default: 32768 minimum: 301
[    0.028258] LSM: Security Framework initializing
[    0.033058] Mount-cache hash table entries: 65536 (order: 7, 524288 bytes, linear)
[    0.040794] Mountpoint-cache hash table entries: 65536 (order: 7, 524288 bytes, linear)
[    0.049561] rcu: Hierarchical SRCU implementation.
[    0.054491] Platform MSI: gic-its@6020000 domain created
[    0.059911] PCI/MSI: /interrupt-controller@6000000/gic-its@6020000 domain created
[    0.067507] fsl-mc MSI: gic-its@6020000 domain created
[    0.073239] EFI services will not be available.
[    0.078094] smp: Bringing up secondary CPUs ...
[    0.082964] Detected PIPT I-cache on CPU1
[    0.082983] GICv3: CPU1: found redistributor 1 region 0:0x0000000006220000
[    0.083006] GICv3: CPU1: using reserved LPI pending table @0x0000000080020000
[    0.083036] CPU1: Booted secondary processor 0x0000000001 [0x410fd083]
[    0.083350] Detected PIPT I-cache on CPU2
[    0.083367] GICv3: CPU2: found redistributor 100 region 0:0x0000000006240000
[    0.083389] GICv3: CPU2: using reserved LPI pending table @0x0000000080030000
[    0.083425] CPU2: Booted secondary processor 0x0000000100 [0x410fd083]
[    0.083752] Detected PIPT I-cache on CPU3
[    0.083766] GICv3: CPU3: found redistributor 101 region 0:0x0000000006260000
[    0.083786] GICv3: CPU3: using reserved LPI pending table @0x0000000080040000
[    0.083812] CPU3: Booted secondary processor 0x0000000101 [0x410fd083]
[    0.084117] Detected PIPT I-cache on CPU4
[    0.084135] GICv3: CPU4: found redistributor 200 region 0:0x0000000006280000
[    0.084154] GICv3: CPU4: using reserved LPI pending table @0x0000000080050000
[    0.084185] CPU4: Booted secondary processor 0x0000000200 [0x410fd083]
[    0.084485] Detected PIPT I-cache on CPU5
[    0.084503] GICv3: CPU5: found redistributor 201 region 0:0x00000000062a0000
[    0.084519] GICv3: CPU5: using reserved LPI pending table @0x0000000080060000
[    0.084539] CPU5: Booted secondary processor 0x0000000201 [0x410fd083]
[    0.084828] Detected PIPT I-cache on CPU6
[    0.084850] GICv3: CPU6: found redistributor 300 region 0:0x00000000062c0000
[    0.084865] GICv3: CPU6: using reserved LPI pending table @0x0000000080070000
[    0.084893] CPU6: Booted secondary processor 0x0000000300 [0x410fd083]
[    0.085185] Detected PIPT I-cache on CPU7
[    0.085205] GICv3: CPU7: found redistributor 301 region 0:0x00000000062e0000
[    0.085220] GICv3: CPU7: using reserved LPI pending table @0x0000000080080000
[    0.085241] CPU7: Booted secondary processor 0x0000000301 [0x410fd083]
[    0.085523] Detected PIPT I-cache on CPU8
[    0.085550] GICv3: CPU8: found redistributor 400 region 0:0x0000000006300000
[    0.085568] GICv3: CPU8: using reserved LPI pending table @0x0000000080090000
[    0.085598] CPU8: Booted secondary processor 0x0000000400 [0x410fd083]
[    0.085880] Detected PIPT I-cache on CPU9
[    0.085900] GICv3: CPU9: found redistributor 401 region 0:0x0000000006320000
[    0.085910] GICv3: CPU9: using reserved LPI pending table @0x00000000800a0000
[    0.085933] CPU9: Booted secondary processor 0x0000000401 [0x410fd083]
[    0.086219] Detected PIPT I-cache on CPU10
[    0.086243] GICv3: CPU10: found redistributor 500 region 0:0x0000000006340000
[    0.086254] GICv3: CPU10: using reserved LPI pending table @0x00000000800b0000
[    0.086283] CPU10: Booted secondary processor 0x0000000500 [0x410fd083]
[    0.086564] Detected PIPT I-cache on CPU11
[    0.086580] GICv3: CPU11: found redistributor 501 region 0:0x0000000006360000
[    0.086590] GICv3: CPU11: using reserved LPI pending table @0x00000000800c0000
[    0.086607] CPU11: Booted secondary processor 0x0000000501 [0x410fd083]
[    0.086909] Detected PIPT I-cache on CPU12
[    0.086929] GICv3: CPU12: found redistributor 600 region 0:0x0000000006380000
[    0.086940] GICv3: CPU12: using reserved LPI pending table @0x00000000800d0000
[    0.086970] CPU12: Booted secondary processor 0x0000000600 [0x410fd083]
[    0.087246] Detected PIPT I-cache on CPU13
[    0.087264] GICv3: CPU13: found redistributor 601 region 0:0x00000000063a0000
[    0.087273] GICv3: CPU13: using reserved LPI pending table @0x00000000800e0000
[    0.087291] CPU13: Booted secondary processor 0x0000000601 [0x410fd083]
[    0.087568] Detected PIPT I-cache on CPU14
[    0.087589] GICv3: CPU14: found redistributor 700 region 0:0x00000000063c0000
[    0.087601] GICv3: CPU14: using reserved LPI pending table @0x00000000800f0000
[    0.087627] CPU14: Booted secondary processor 0x0000000700 [0x410fd083]
[    0.087899] Detected PIPT I-cache on CPU15
[    0.087917] GICv3: CPU15: found redistributor 701 region 0:0x00000000063e0000
[    0.087927] GICv3: CPU15: using reserved LPI pending table @0x0000000080100000
[    0.087945] CPU15: Booted secondary processor 0x0000000701 [0x410fd083]
[    0.087981] smp: Brought up 1 node, 16 CPUs
[    0.468704] SMP: Total of 16 processors activated.
[    0.473546] CPU features: detected: 32-bit EL0 Support
[    0.478742] CPU features: detected: CRC32 instructions
[    0.483933] CPU features: detected: 32-bit EL1 Support
[    0.502662] CPU: All CPU(s) started at EL2
[    0.506828] alternatives: patching kernel code
[    0.511906] devtmpfs: initialized
[    0.517814] KASLR enabled
[    0.520533] clocksource: jiffies: mask: 0xffffffff max_cycles: 0xffffffff, max_idle_ns: 7645041785100000 ns
[    0.530388] futex hash table entries: 4096 (order: 6, 262144 bytes, linear)
[    0.537777] pinctrl core: initialized pinctrl subsystem
[    0.543476] DMI not present or invalid.
[    0.547553] NET: Registered protocol family 16
[    0.552991] DMA: preallocated 4096 KiB GFP_KERNEL pool for atomic allocations
[    0.560744] DMA: preallocated 4096 KiB GFP_KERNEL|GFP_DMA pool for atomic allocations
[    0.569197] DMA: preallocated 4096 KiB GFP_KERNEL|GFP_DMA32 pool for atomic allocations
[    0.577304] audit: initializing netlink subsys (disabled)
[    0.582815] audit: type=2000 audit(0.380:1): state=initialized audit_enabled=0 res=1
[    0.583173] thermal_sys: Registered thermal governor 'step_wise'
[    0.590644] thermal_sys: Registered thermal governor 'power_allocator'
[    0.597081] cpuidle: using governor menu
[    0.607870] hw-breakpoint: found 6 breakpoint and 4 watchpoint registers.
[    0.614865] ASID allocator initialised with 32768 entries
[    0.620795] Serial: AMBA PL011 UART driver
[    0.624971] imx mu driver is registered.
[    0.628946] imx rpmsg driver is registered.
[    0.640102] Machine: NXP Layerscape LX2160ARDB
[    0.644594] SoC family: QorIQ LX2160A
[    0.648288] SoC ID: svr:0x87360020, Revision: 2.0
[    0.653541] 21c0000.serial: ttyAMA0 at MMIO 0x21c0000 (irq = 26, base_baud = 0) is a SBSA
[    0.661813] printk: console [ttyAMA0] enabled
[    0.661813] printk: console [ttyAMA0] enabled
[    0.670554] printk: bootconsole [pl11] disabled
[    0.670554] printk: bootconsole [pl11] disabled
[    0.679841] sbsa-uart 21d0000.serial: aliased and non-aliased serial devices found in device tree. Serial port enumeration may be unpredictable.
[    0.692787] 21d0000.serial: ttyAMA1 at MMIO 0x21d0000 (irq = 27, base_baud = 0) is a SBSA
[    0.702998] fsl_mc_bus 80c000000.fsl-mc: MC firmware version: 10.35.0
[    0.711974] fsl_mc_dprc dprc.1: DMA mask not set
[    0.749318] HugeTLB registered 1.00 GiB page size, pre-allocated 4 pages
[    0.756021] HugeTLB registered 2.00 MiB page size, pre-allocated 2048 pages
[    0.762971] HugeTLB registered 32.0 MiB page size, pre-allocated 0 pages
[    0.769661] HugeTLB registered 64.0 KiB page size, pre-allocated 0 pages
[    0.777140] cryptd: max_cpu_qlen set to 1000
[    0.848386] raid6: neonx8   gen()  6306 MB/s
[    0.920413] raid6: neonx8   xor()  4636 MB/s
[    0.992442] raid6: neonx4   gen()  6430 MB/s
[    1.064469] raid6: neonx4   xor()  4805 MB/s
[    1.136507] raid6: neonx2   gen()  5682 MB/s
[    1.208526] raid6: neonx2   xor()  4391 MB/s
[    1.280552] raid6: neonx1   gen()  4433 MB/s
[    1.352578] raid6: neonx1   xor()  3538 MB/s
[    1.424604] raid6: int64x8  gen()  3663 MB/s
[    1.496630] raid6: int64x8  xor()  2145 MB/s
[    1.568658] raid6: int64x4  gen()  3668 MB/s
[    1.640684] raid6: int64x4  xor()  2181 MB/s
[    1.712709] raid6: int64x2  gen()  3452 MB/s
[    1.784734] raid6: int64x2  xor()  1931 MB/s
[    1.856764] raid6: int64x1  gen()  2681 MB/s
[    1.928783] raid6: int64x1  xor()  1435 MB/s
[    1.933041] raid6: using algorithm neonx4 gen() 6430 MB/s
[    1.938427] raid6: .... xor() 4805 MB/s, rmw enabled
[    1.943380] raid6: using neon recovery algorithm
[    1.948219] ACPI: Interpreter disabled.
[    1.952695] iommu: Default domain type: Passthrough 
[    1.957729] vgaarb: loaded
[    1.960553] SCSI subsystem initialized
[    1.964427] usbcore: registered new interface driver usbfs
[    1.969911] usbcore: registered new interface driver hub
[    1.975227] usbcore: registered new device driver usb
[    1.980448] imx-i2c 2000000.i2c: can't get pinctrl, bus recovery not supported
[    1.987788] i2c i2c-0: IMX I2C adapter registered
[    1.992596] imx-i2c 2040000.i2c: can't get pinctrl, bus recovery not supported
[    1.999873] i2c i2c-1: IMX I2C adapter registered
[    2.004779] mc: Linux media interface: v0.10
[    2.009047] videodev: Linux video capture interface: v2.00
[    2.014555] pps_core: LinuxPPS API ver. 1 registered
[    2.019509] pps_core: Software ver. 5.3.6 - Copyright 2005-2007 Rodolfo Giometti <[redacted-email]>
[    2.028638] PTP clock support registered
[    2.032590] EDAC MC: Ver: 3.0.0
[    2.036165] No BMan portals available!
[    2.040049] QMan: Allocated lookup table at (____ptrval____), entry count 65537
[    2.047427] No QMan portals available!
[    2.051277] No USDPAA memory, no 'fsl,usdpaa-mem' in device-tree
[    2.057480] FPGA manager framework
[    2.060907] Advanced Linux Sound Architecture Driver Initialized.
[    2.067566] clocksource: Switched to clocksource arch_sys_counter
[    2.073747] VFS: Disk quotas dquot_6.6.0
[    2.077687] VFS: Dquot-cache hash table entries: 512 (order 0, 4096 bytes)
[    2.084627] pnp: PnP ACPI: disabled
[    2.090580] NET: Registered protocol family 2
[    2.095163] tcp_listen_portaddr_hash hash table entries: 16384 (order: 6, 262144 bytes, linear)
[    2.104003] TCP established hash table entries: 262144 (order: 9, 2097152 bytes, linear)
[    2.112808] TCP bind hash table entries: 65536 (order: 8, 1048576 bytes, linear)
[    2.120581] TCP: Hash tables configured (established 262144 bind 65536)
[    2.127273] UDP hash table entries: 16384 (order: 7, 524288 bytes, linear)
[    2.134414] UDP-Lite hash table entries: 16384 (order: 7, 524288 bytes, linear)
[    2.142067] NET: Registered protocol family 1
[    2.146589] RPC: Registered named UNIX socket transport module.
[    2.152505] RPC: Registered udp transport module.
[    2.157207] RPC: Registered tcp transport module.
[    2.161902] RPC: Registered tcp NFSv4.1 backchannel transport module.
[    2.168335] PCI: CLS 0 bytes, default 64
[    2.173138] hw perfevents: enabled with armv8_cortex_a72 PMU driver, 7 counters available
[    2.181436] kvm [1]: IPA Size Limit: 44 bits
[    2.186254] kvm [1]: vgic-v2@c0e0000
[    2.189834] kvm [1]: GIC system register CPU interface enabled
[    2.195834] kvm [1]: vgic interrupt IRQ9
[    2.199930] kvm [1]: Hyp mode initialized successfully
[    2.206578] Initialise system trusted keyrings
[    2.211062] workingset: timestamp_bits=42 max_order=23 bucket_order=0
[    2.217880] squashfs: version 4.0 (2009/01/31) Phillip Lougher
[    2.223825] NFS: Registering the id_resolver key type
[    2.228877] Key type id_resolver registered
[    2.233053] Key type id_legacy registered
[    2.237065] nfs4filelayout_init: NFSv4 File Layout Driver Registering...
[    2.243757] nfs4flexfilelayout_init: NFSv4 Flexfile Layout Driver Registering...
[    2.251150] jffs2: version 2.2. (NAND)  2001-2006 Red Hat, Inc.
[    2.257333] fuse: init (API version 7.32)
[    2.261412] 9p: Installing v9fs 9p2000 file system support
[    2.285014] xor: measuring software checksum speed
[    2.290899]    8regs           :  8964 MB/sec
[    2.296169]    32regs          : 10675 MB/sec
[    2.301560]    arm64_neon      :  9428 MB/sec
[    2.305906] xor: using function: 32regs (10675 MB/sec)
[    2.311039] Key type asymmetric registered
[    2.315127] Asymmetric key parser 'x509' registered
[    2.320006] Block layer SCSI generic (bsg) driver version 0.4 loaded (major 243)
[    2.327432] io scheduler mq-deadline registered
[    2.331958] io scheduler kyber registered
[    2.339632] layerscape-pcie 3600000.pcie: host bridge /soc/pcie@3600000 ranges:
[    2.346942] layerscape-pcie 3600000.pcie:      MEM 0x9040000000..0x907fffffff -> 0x0040000000
[    2.355530] layerscape-pcie 3600000.pcie: PCI host bridge to bus 0000:00
[    2.362224] pci_bus 0000:00: root bus resource [bus 00-ff]
[    2.367702] pci_bus 0000:00: root bus resource [mem 0x9040000000-0x907fffffff] (bus address [0x40000000-0x7fffffff])
[    2.378229] pci 0000:00:00.0: [1957:8d80] type 01 class 0x060400
[    2.384282] pci 0000:00:00.0: supports D1 D2
[    2.388543] pci 0000:00:00.0: PME# supported from D0 D1 D2 D3hot
[    2.395772] pci 0000:00:00.0: PCI bridge to [bus 01-ff]
[    2.401000] pci 0000:00:00.0: Max Payload Size set to  256/ 256 (was  128), Max Read Rq  256
[    2.409528] layerscape-pcie 3800000.pcie: host bridge /soc/pcie@3800000 ranges:
[    2.416848] layerscape-pcie 3800000.pcie:      MEM 0xa040000000..0xa07fffffff -> 0x0040000000
[    2.425443] layerscape-pcie 3800000.pcie: PCI host bridge to bus 0001:00
[    2.432139] pci_bus 0001:00: root bus resource [bus 00-ff]
[    2.437617] pci_bus 0001:00: root bus resource [mem 0xa040000000-0xa07fffffff] (bus address [0x40000000-0x7fffffff])
[    2.448143] pci 0001:00:00.0: [1957:8d80] type 01 class 0x060400
[    2.454209] pci 0001:00:00.0: supports D1 D2
[    2.458470] pci 0001:00:00.0: PME# supported from D0 D1 D2 D3hot
[    2.465665] pci 0001:00:00.0: PCI bridge to [bus 01-ff]
[    2.470898] pci 0001:00:00.0: Max Payload Size set to  256/ 256 (was  128), Max Read Rq  256
[    2.479805] EINJ: ACPI disabled.
[    2.485635] Bus freq driver module loaded
[    2.492107] Serial: 8250/16550 driver, 4 ports, IRQ sharing enabled
[    2.499153] SuperH (H)SCI(F) driver initialized
[    2.503848] msm_serial: driver initialized
[    2.508645] arm-smmu 5000000.iommu: probing hardware configuration...
[    2.515078] arm-smmu 5000000.iommu: SMMUv2 with:
[    2.519685] arm-smmu 5000000.iommu: stage 1 translation
[    2.524987] arm-smmu 5000000.iommu: stage 2 translation
[    2.530288] arm-smmu 5000000.iommu: nested translation
[    2.535502] arm-smmu 5000000.iommu: coherent table walk
[    2.540804] arm-smmu 5000000.iommu: (IDR0.CTTW overridden by FW configuration)
[    2.548102] arm-smmu 5000000.iommu: stream matching with 128 register groups
[    2.555228] arm-smmu 5000000.iommu: 64 context banks (0 stage-2 only)
[    2.561748] arm-smmu 5000000.iommu: Supported page sizes: 0x61311000
[    2.568177] arm-smmu 5000000.iommu: Stage-1: 48-bit VA -> 48-bit IPA
[    2.574607] arm-smmu 5000000.iommu: Stage-2: 48-bit IPA -> 48-bit PA
[    2.586122] brd: module loaded
[    2.593134] loop: module loaded
[    2.596393] pci-endpoint-test 0000:00:00.0: Adding to iommu group 0
[    2.602745] pci-endpoint-test 0001:00:00.0: Adding to iommu group 1
[    2.609385] megasas: x.x.x.x-rc1
[    2.613569] imx ahci driver is registered.
[    2.617789] ahci-qoriq 3200000.sata: Adding to iommu group 2
[    2.623468] ahci-qoriq 3200000.sata: supply ahci not found, using dummy regulator
[    2.630986] ahci-qoriq 3200000.sata: supply phy not found, using dummy regulator
[    2.638393] ahci-qoriq 3200000.sata: supply target not found, using dummy regulator
[    2.646097] ahci-qoriq 3200000.sata: AHCI 0001.0301 32 slots 1 ports 6 Gbps 0x1 impl platform mode
[    2.655049] ahci-qoriq 3200000.sata: flags: 64bit ncq sntf pm clo only pmp fbs pio slum part ccc sds apst 
[    2.665222] scsi host0: ahci-qoriq
[    2.668746] ata1: SATA max UDMA/133 mmio [mem 0x03200000-0x0320ffff] port 0x100 irq 34
[    2.676728] ahci-qoriq 3210000.sata: Adding to iommu group 3
[    2.682402] ahci-qoriq 3210000.sata: supply ahci not found, using dummy regulator
[    2.689916] ahci-qoriq 3210000.sata: supply phy not found, using dummy regulator
[    2.697321] ahci-qoriq 3210000.sata: supply target not found, using dummy regulator
[    2.705013] ahci-qoriq 3210000.sata: AHCI 0001.0301 32 slots 1 ports 6 Gbps 0x1 impl platform mode
[    2.713964] ahci-qoriq 3210000.sata: flags: 64bit ncq sntf pm clo only pmp fbs pio slum part ccc sds apst 
[    2.723828] scsi host1: ahci-qoriq
[    2.727290] ata2: SATA max UDMA/133 mmio [mem 0x03210000-0x0321ffff] port 0x100 irq 35
[    2.735288] ahci-qoriq 3220000.sata: Adding to iommu group 4
[    2.740959] ahci-qoriq 3220000.sata: supply ahci not found, using dummy regulator
[    2.748470] ahci-qoriq 3220000.sata: supply phy not found, using dummy regulator
[    2.755875] ahci-qoriq 3220000.sata: supply target not found, using dummy regulator
[    2.763570] ahci-qoriq 3220000.sata: AHCI 0001.0301 32 slots 1 ports 6 Gbps 0x1 impl platform mode
[    2.772521] ahci-qoriq 3220000.sata: flags: 64bit ncq sntf pm clo only pmp fbs pio slum part ccc sds apst 
[    2.782391] scsi host2: ahci-qoriq
[    2.785851] ata3: SATA max UDMA/133 mmio [mem 0x03220000-0x0322ffff] port 0x100 irq 36
[    2.793846] ahci-qoriq 3230000.sata: Adding to iommu group 5
[    2.799518] ahci-qoriq 3230000.sata: supply ahci not found, using dummy regulator
[    2.807029] ahci-qoriq 3230000.sata: supply phy not found, using dummy regulator
[    2.814434] ahci-qoriq 3230000.sata: supply target not found, using dummy regulator
[    2.822125] ahci-qoriq 3230000.sata: AHCI 0001.0301 32 slots 1 ports 6 Gbps 0x1 impl platform mode
[    2.831076] ahci-qoriq 3230000.sata: flags: 64bit ncq sntf pm clo only pmp fbs pio slum part ccc sds apst 
[    2.840944] scsi host3: ahci-qoriq
[    2.844407] ata4: SATA max UDMA/133 mmio [mem 0x03230000-0x0323ffff] port 0x100 irq 37
[    2.853344] spi-nor spi0.0: mt35xu512aba (65536 Kbytes)
[    2.860101] spi-nor spi0.1: mt35xu512aba (65536 Kbytes)
[    2.880641] libphy: Fixed MDIO Bus: probed
[    2.885229] tun: Universal TUN/TAP device driver, 1.6
[    2.890535] thunder_xcv, ver 1.0
[    2.893771] thunder_bgx, ver 1.0
[    2.897004] nicpf, ver 1.0
[    2.899937] libphy: Freescale XGMAC MDIO Bus: probed
[    2.910951] libphy: Freescale XGMAC MDIO Bus: probed
[    2.916435] libphy: Freescale XGMAC MDIO Bus: probed
[    2.921708] libphy: Freescale XGMAC MDIO Bus: probed
[    2.926890] Freescale FM module, FMD API version 21.1.0
[    2.932168] Freescale FM Ports module
[    2.935833] fsl_mac: fsl_mac: FSL FMan MAC API based driver
[    2.941443] fsl_dpa: FSL DPAA Ethernet driver
[    2.945824] fsl_advanced: FSL DPAA Advanced drivers:
[    2.950784] fsl_proxy: FSL DPAA Proxy initialization driver
[    2.956376] fsl_oh: FSL FMan Offline Parsing port driver
[    2.961945] hclge is initializing
[    2.965262] hns3: Hisilicon Ethernet Network Driver for Hip08 Family - version
[    2.972472] hns3: Copyright (c) 2017 Huawei Corporation.
[    2.977790] e1000: Intel(R) PRO/1000 Network Driver
[    2.982658] e1000: Copyright (c) 1999-2006 Intel Corporation.
[    2.988408] e1000e: Intel(R) PRO/1000 Network Driver
[    2.992152] ata1: SATA link down (SStatus 0 SControl 300)
[    2.993362] e1000e: Copyright(c) 1999 - 2015 Intel Corporation.
[    3.004675] igb: Intel(R) Gigabit Ethernet Network Driver
[    3.010066] igb: Copyright (c) 2007-2014 Intel Corporation.
[    3.015645] igbvf: Intel(R) Gigabit Virtual Function Network Driver
[    3.021901] igbvf: Copyright (c) 2009 - 2012 Intel Corporation.
[    3.027922] sky2: driver version 1.30
[    3.031916] usbcore: registered new interface driver r8152
[    3.037402] usbcore: registered new interface driver asix
[    3.042802] usbcore: registered new interface driver ax88179_178a
[    3.049066] VFIO - User Level meta-driver version: 0.3
[    3.054348] ata2: SATA link down (SStatus 0 SControl 300)
[    3.054417] dwc3 3100000.usb: Adding to iommu group 6
[    3.065098] dwc3 3110000.usb: Adding to iommu group 7
[    3.070893] ehci_hcd: USB 2.0 'Enhanced' Host Controller (EHCI) Driver
[    3.077417] ehci-pci: EHCI PCI platform driver
[    3.081865] ehci-platform: EHCI generic platform driver
[    3.087120] ehci-orion: EHCI orion driver
[    3.091153] ehci-exynos: EHCI Exynos driver
[    3.095358] ohci_hcd: USB 1.1 'Open' Host Controller (OHCI) Driver
[    3.101535] ohci-pci: OHCI PCI platform driver
[    3.105983] ohci-platform: OHCI generic platform driver
[    3.109062] ata3: SATA link down (SStatus 0 SControl 300)
[    3.111235] ohci-exynos: OHCI Exynos driver
[    3.120909] xhci-hcd xhci-hcd.0.auto: xHCI Host Controller
[    3.126395] xhci-hcd xhci-hcd.0.auto: new USB bus registered, assigned bus number 1
[    3.134094] xhci-hcd xhci-hcd.0.auto: hcc params 0x0220f66d hci version 0x100 quirks 0x0000000002010810
[    3.143554] xhci-hcd xhci-hcd.0.auto: irq 32, io mem 0x03100000
[    3.149735] hub 1-0:1.0: USB hub found
[    3.153488] hub 1-0:1.0: 1 port detected
[    3.157504] xhci-hcd xhci-hcd.0.auto: xHCI Host Controller
[    3.162985] xhci-hcd xhci-hcd.0.auto: new USB bus registered, assigned bus number 2
[    3.170635] xhci-hcd xhci-hcd.0.auto: Host supports USB 3.0 SuperSpeed
[    3.172184] ata4: SATA link down (SStatus 0 SControl 300)
[    3.177327] hub 2-0:1.0: USB hub found
[    3.186292] hub 2-0:1.0: 1 port detected
[    3.190346] xhci-hcd xhci-hcd.1.auto: xHCI Host Controller
[    3.195830] xhci-hcd xhci-hcd.1.auto: new USB bus registered, assigned bus number 3
[    3.203526] xhci-hcd xhci-hcd.1.auto: hcc params 0x0220f66d hci version 0x100 quirks 0x0000000002010810
[    3.212924] xhci-hcd xhci-hcd.1.auto: irq 33, io mem 0x03110000
[    3.219052] hub 3-0:1.0: USB hub found
[    3.222804] hub 3-0:1.0: 1 port detected
[    3.226813] xhci-hcd xhci-hcd.1.auto: xHCI Host Controller
[    3.232294] xhci-hcd xhci-hcd.1.auto: new USB bus registered, assigned bus number 4
[    3.239950] xhci-hcd xhci-hcd.1.auto: Host supports USB 3.0 SuperSpeed
[    3.246637] hub 4-0:1.0: USB hub found
[    3.250388] hub 4-0:1.0: 1 port detected
[    3.254546] usbcore: registered new interface driver uas
[    3.259883] usbcore: registered new interface driver usb-storage
[    3.266962] ftm-alarm 2800000.timer: registered as rtc1
[    3.272493] i2c /dev entries driver
[    3.277050] i2c i2c-0: Added multiplexed i2c bus 2
[    3.281903] i2c i2c-0: Added multiplexed i2c bus 3
[    3.286822] i2c i2c-0: Added multiplexed i2c bus 4
[    3.291821] i2c i2c-0: Added multiplexed i2c bus 5
[    3.296672] i2c i2c-0: Added multiplexed i2c bus 6
[    3.301525] i2c i2c-0: Added multiplexed i2c bus 7
[    3.306375] i2c i2c-0: Added multiplexed i2c bus 8
[    3.311229] i2c i2c-0: Added multiplexed i2c bus 9
[    3.316016] pca954x 0-0077: registered 8 multiplexed busses for I2C mux pca9547
[    3.357234] sbsa-gwdt 23a0000.watchdog: Initialized with 30s timeout @ 25000050 Hz, action=0. [enabled]
[    3.368590] qoriq-cpufreq qoriq-cpufreq: Freescale QorIQ CPU frequency scaling driver
[    3.377191] sdhci: Secure Digital Host Controller Interface driver
[    3.383381] sdhci: Copyright(c) Pierre Ossman
[    3.387916] Synopsys Designware Multimedia Card Interface Driver
[    3.394240] sdhci-pltfm: SDHCI platform and OF driver helper
[    3.400177] sdhci-esdhc 2150000.esdhc: Adding to iommu group 9
[    3.400179] sdhci-esdhc 2140000.esdhc: Adding to iommu group 8
[    3.412366] ledtrig-cpu: registered to indicate activity on CPUs
[    3.418608] SMCCC: SOC_ID: ARCH_SOC_ID not implemented, skipping ....
[    3.425297] usbcore: registered new interface driver usbhid
[    3.430862] usbhid: USB HID core driver
[    3.430909] mmc0: SDHCI controller on 2140000.esdhc [2140000.esdhc] using ADMA 64-bit
[    3.435749] No fsl,qman node
[    3.442511] mmc1: SDHCI controller on 2150000.esdhc [2150000.esdhc] using ADMA 64-bit
[    3.445388] Freescale USDPAA process driver
[    3.457407] fsl-usdpaa: no region found
[    3.461269] Freescale USDPAA process IRQ driver
[    3.467151] optee: probing for conduit method.
[    3.471645] optee: revision 3.13 (2c1092df)
[    3.471773] optee: dynamic shared memory is enabled
[    3.481028] optee: initialized driver
[    3.487240] NET: Registered protocol family 26
[    3.491742] u32 classifier
[    3.494438]     input device check on
[    3.498097]     Actions configured
[    3.501898] Initializing XFRM netlink socket
[    3.506200] NET: Registered protocol family 10
[    3.510918] Segment Routing with IPv6
[    3.514642] sit: IPv6, IPv4 and MPLS over IPv4 tunneling driver
[    3.520785] NET: Registered protocol family 17
[    3.525240] NET: Registered protocol family 15
[    3.529697] Bridge firewalling registered
[    3.533801] 8021q: 802.1Q VLAN Support v1.8
[    3.537998] lib80211: common routines for IEEE802.11 drivers
[    3.543678] 9pnet: Installing 9P2000 support
[    3.547961] tsn generic netlink module v1 init...
[    3.552689] Key type dns_resolver registered
[    3.557192] registered taskstats version 1
[    3.561290] Loading compiled-in X.509 certificates
[    3.566783] Btrfs loaded, crc32c=crc32c-generic
[    3.572870] fsl_mc_dprc dprc.1: Adding to iommu group 10
[    3.621684] mmc1: new HS400 MMC card at address 0001
[    3.626914] mmcblk1: mmc1:0001 R1J59E 116 GiB 
[    3.631457] fsl_mc_allocator dpbp.1: Adding to iommu group 10
[    3.631517] mmcblk1boot0: mmc1:0001 R1J59E partition 1 8.00 MiB
[    3.637267] fsl_mc_allocator dpbp.0: Adding to iommu group 10
[    3.643256] mmcblk1boot1: mmc1:0001 R1J59E partition 2 8.00 MiB
[    3.649913] fsl_mc_allocator dpmcp.35: Adding to iommu group 10
[    3.654793] mmcblk1rpmb: mmc1:0001 R1J59E partition 3 4.00 MiB, chardev (507:0)
[    3.661222] fsl_mc_allocator dpmcp.34: Adding to iommu group 10
[    3.673915]  mmcblk1: p1 p2 p3 p4
[    3.674482] fsl_mc_allocator dpmcp.33: Adding to iommu group 10
[    3.683716] fsl_mc_allocator dpmcp.32: Adding to iommu group 10
[    3.690192] fsl_mc_allocator dpmcp.31: Adding to iommu group 10
[    3.696663] fsl_mc_allocator dpmcp.30: Adding to iommu group 10
[    3.703135] fsl_mc_allocator dpmcp.29: Adding to iommu group 10
[    3.709608] fsl_mc_allocator dpmcp.28: Adding to iommu group 10
[    3.716084] fsl_mc_allocator dpmcp.27: Adding to iommu group 10
[    3.722557] fsl_mc_allocator dpmcp.26: Adding to iommu group 10
[    3.729033] fsl_mc_allocator dpmcp.25: Adding to iommu group 10
[    3.735505] fsl_mc_allocator dpmcp.24: Adding to iommu group 10
[    3.741977] fsl_mc_allocator dpmcp.23: Adding to iommu group 10
[    3.748450] fsl_mc_allocator dpmcp.22: Adding to iommu group 10
[    3.754922] fsl_mc_allocator dpmcp.21: Adding to iommu group 10
[    3.761395] fsl_mc_allocator dpmcp.20: Adding to iommu group 10
[    3.767872] fsl_mc_allocator dpmcp.19: Adding to iommu group 10
[    3.774344] fsl_mc_allocator dpmcp.18: Adding to iommu group 10
[    3.780821] fsl_mc_allocator dpmcp.17: Adding to iommu group 10
[    3.787296] fsl_mc_allocator dpmcp.16: Adding to iommu group 10
[    3.793774] fsl_mc_allocator dpmcp.15: Adding to iommu group 10
[    3.800248] fsl_mc_allocator dpmcp.14: Adding to iommu group 10
[    3.806721] fsl_mc_allocator dpmcp.13: Adding to iommu group 10
[    3.813193] fsl_mc_allocator dpmcp.12: Adding to iommu group 10
[    3.819670] fsl_mc_allocator dpmcp.11: Adding to iommu group 10
[    3.826143] fsl_mc_allocator dpmcp.10: Adding to iommu group 10
[    3.832617] fsl_mc_allocator dpmcp.9: Adding to iommu group 10
[    3.839005] fsl_mc_allocator dpmcp.8: Adding to iommu group 10
[    3.845394] fsl_mc_allocator dpmcp.7: Adding to iommu group 10
[    3.851787] fsl_mc_allocator dpmcp.6: Adding to iommu group 10
[    3.858175] fsl_mc_allocator dpmcp.5: Adding to iommu group 10
[    3.864563] fsl_mc_allocator dpmcp.4: Adding to iommu group 10
[    3.870950] fsl_mc_allocator dpmcp.3: Adding to iommu group 10
[    3.877338] fsl_mc_allocator dpmcp.2: Adding to iommu group 10
[    3.883732] fsl_mc_allocator dpmcp.1: Adding to iommu group 10
[    3.889618] fsl_mc_allocator dpcon.31: Adding to iommu group 10
[    3.895600] fsl_mc_allocator dpcon.30: Adding to iommu group 10
[    3.901574] fsl_mc_allocator dpcon.29: Adding to iommu group 10
[    3.907553] fsl_mc_allocator dpcon.28: Adding to iommu group 10
[    3.913526] fsl_mc_allocator dpcon.27: Adding to iommu group 10
[    3.919501] fsl_mc_allocator dpcon.26: Adding to iommu group 10
[    3.925476] fsl_mc_allocator dpcon.25: Adding to iommu group 10
[    3.931450] fsl_mc_allocator dpcon.24: Adding to iommu group 10
[    3.937427] fsl_mc_allocator dpcon.23: Adding to iommu group 10
[    3.943404] fsl_mc_allocator dpcon.22: Adding to iommu group 10
[    3.949379] fsl_mc_allocator dpcon.21: Adding to iommu group 10
[    3.955357] fsl_mc_allocator dpcon.20: Adding to iommu group 10
[    3.961332] fsl_mc_allocator dpcon.19: Adding to iommu group 10
[    3.967309] fsl_mc_allocator dpcon.18: Adding to iommu group 10
[    3.973286] fsl_mc_allocator dpcon.17: Adding to iommu group 10
[    3.979265] fsl_mc_allocator dpcon.16: Adding to iommu group 10
[    3.985242] fsl_mc_allocator dpcon.15: Adding to iommu group 10
[    3.991220] fsl_mc_allocator dpcon.14: Adding to iommu group 10
[    3.997197] fsl_mc_allocator dpcon.13: Adding to iommu group 10
[    4.003174] fsl_mc_allocator dpcon.12: Adding to iommu group 10
[    4.009153] fsl_mc_allocator dpcon.11: Adding to iommu group 10
[    4.015132] fsl_mc_allocator dpcon.10: Adding to iommu group 10
[    4.021110] fsl_mc_allocator dpcon.9: Adding to iommu group 10
[    4.027001] fsl_mc_allocator dpcon.8: Adding to iommu group 10
[    4.032894] fsl_mc_allocator dpcon.7: Adding to iommu group 10
[    4.038786] fsl_mc_allocator dpcon.6: Adding to iommu group 10
[    4.044677] fsl_mc_allocator dpcon.5: Adding to iommu group 10
[    4.050570] fsl_mc_allocator dpcon.4: Adding to iommu group 10
[    4.056462] fsl_mc_allocator dpcon.3: Adding to iommu group 10
[    4.062354] fsl_mc_allocator dpcon.2: Adding to iommu group 10
[    4.068245] fsl_mc_allocator dpcon.1: Adding to iommu group 10
[    4.074147] fsl_mc_allocator dpcon.0: Adding to iommu group 10
[    4.080041] fsl_dpaa2_eth dpni.1: Adding to iommu group 10
[    4.169818] fsl_dpaa2_eth dpni.0: Adding to iommu group 10
[    4.259553] fsl_dpaa2_mac dpmac.18: Adding to iommu group 10
[    4.332710] fsl_dpaa2_mac dpmac.18 (unnamed net_device) (uninitialized): PHY [0x0000000008b96000:02] driver [Qualcomm Atheros AR8035] (irq=POLL)
[    4.345818] fsl_dpaa2_mac dpmac.17: Adding to iommu group 10
[    4.352668] fsl_dpaa2_mac dpmac.6: Adding to iommu group 10
[    4.363490] fsl_dpaa2_mac dpmac.5: Adding to iommu group 10
[    4.374290] fsl_dpaa2_mac dpmac.4: Adding to iommu group 10
[    4.386250] fsl_dpaa2_mac dpmac.4 (unnamed net_device) (uninitialized): PHY [0x0000000008b96000:05] driver [Aquantia AQR107] (irq=123)
[    4.398828] fsl_dpaa2_mac dpmac.3: Adding to iommu group 10
[    4.411804] fsl_dpaa2_mac dpmac.3 (unnamed net_device) (uninitialized): PHY [0x0000000008b96000:04] driver [Aquantia AQR107] (irq=122)
[    4.424381] fsl_dpaa2_mac dpmac.2: Adding to iommu group 10
[    4.431072] fsl_dpaa2_ptp dprtc.0: Adding to iommu group 10
[    4.438785] ptp_qoriq: device tree node missing required elements, try automatic configuration
[    4.447471] pps pps0: new PPS source ptp0
[    4.453136] fsl_mc_dpio dpio.15: Adding to iommu group 10
[    4.462131] fsl_mc_dpio dpio.15: probed
[    4.468052] fsl_mc_dpio dpio.14: Adding to iommu group 10
[    4.477082] fsl_mc_dpio dpio.14: probed
[    4.483079] fsl_mc_dpio dpio.13: Adding to iommu group 10
[    4.492092] fsl_mc_dpio dpio.13: probed
[    4.498002] fsl_mc_dpio dpio.12: Adding to iommu group 10
[    4.506992] fsl_mc_dpio dpio.12: probed
[    4.512912] fsl_mc_dpio dpio.11: Adding to iommu group 10
[    4.521942] fsl_mc_dpio dpio.11: probed
[    4.527957] fsl_mc_dpio dpio.10: Adding to iommu group 10
[    4.536965] fsl_mc_dpio dpio.10: probed
[    4.542877] fsl_mc_dpio dpio.9: Adding to iommu group 10
[    4.551786] fsl_mc_dpio dpio.9: probed
[    4.557608] fsl_mc_dpio dpio.8: Adding to iommu group 10
[    4.566512] fsl_mc_dpio dpio.8: probed
[    4.572353] fsl_mc_dpio dpio.7: Adding to iommu group 10
[    4.581287] fsl_mc_dpio dpio.7: probed
[    4.587198] fsl_mc_dpio dpio.6: Adding to iommu group 10
[    4.596121] fsl_mc_dpio dpio.6: probed
[    4.601946] fsl_mc_dpio dpio.5: Adding to iommu group 10
[    4.610847] fsl_mc_dpio dpio.5: probed
[    4.616681] fsl_mc_dpio dpio.4: Adding to iommu group 10
[    4.625627] fsl_mc_dpio dpio.4: probed
[    4.631538] fsl_mc_dpio dpio.3: Adding to iommu group 10
[    4.640462] fsl_mc_dpio dpio.3: probed
[    4.646289] fsl_mc_dpio dpio.2: Adding to iommu group 10
[    4.655194] fsl_mc_dpio dpio.2: probed
[    4.661028] fsl_mc_dpio dpio.1: Adding to iommu group 10
[    4.669967] fsl_mc_dpio dpio.1: probed
[    4.675893] fsl_mc_dpio dpio.0: Adding to iommu group 10
[    4.684814] fsl_mc_dpio dpio.0: probed
[    4.692165] fsl_mc_dprc dprc.1: DPRC device bound to driver
[    4.697872] pcieport 0000:00:00.0: PME: Signaling with IRQ 38
[    4.703744] pcieport 0001:00:00.0: PME: Signaling with IRQ 39
[    4.889901] fsl_dpaa2_eth dpni.1: Probed interface eth0
[    5.136765] fsl_dpaa2_eth dpni.0 (unnamed net_device) (uninitialized): PHY [0x0000000008b96000:01] driver [Qualcomm Atheros AR8035] (irq=POLL)
[    5.150455] fsl_dpaa2_eth dpni.0: Probed interface eth1
[    5.160371] ALSA device list:
[    5.163330]   No soundcards found.
[    5.173427] EXT4-fs (mmcblk1p4): mounted filesystem with ordered data mode. Opts: (null)
[    5.181542] VFS: Mounted root (ext4 filesystem) on device 179:4.
[    5.189677] devtmpfs: mounted
[    5.194050] Freeing unused kernel memory: 6656K
[    5.199616] Run /sbin/init as init process
[    5.259412] random: fast init done
[    5.333747] systemd[1]: System time before build time, advancing clock.
[    5.350240] systemd[1]: systemd 245.4-4ubuntu3.24 running in system mode. (+PAM +AUDIT +SELINUX +IMA +APPARMOR +SMACK +SYSVINIT +UTMP +LIBCRYPTSETUP +GCRYPT +GNUTLS +ACL +XZ +LZ4 +SECCOMP +BLKID +ELFUTILS +KMOD +IDN2 -IDN +PCRE2 default-hierarchy=hybrid)
[    5.373149] systemd[1]: Detected architecture arm64.

Welcome to Ubuntu 20.04.6 LTS!

[    5.420026] systemd[1]: Set hostname to <localhost>.
[    5.553642] random: lvmconfig: uninitialized urandom read (4 bytes read)
[    5.628132] systemd[1]: Configuration file /run/systemd/system/netplan-ovs-cleanup.service is marked world-inaccessible. This has no effect as configuration data is accessible via APIs without restrictions. Proceeding anyway.
[    5.707612] random: systemd: uninitialized urandom read (16 bytes read)
[    5.715763] random: systemd: uninitialized urandom read (16 bytes read)
[    5.722448] systemd[1]: machine.slice: unit configures an IP firewall, but the local system does not support BPF/cgroup firewalling.
[    5.734375] systemd[1]: (This warning is only shown for the first unit using IP firewalling.)
[    5.743684] systemd[1]: Created slice Virtual Machine and Container Slice.
[  OK  ] Created slice Virtual Machine and Container Slice.
[    5.768481] systemd[1]: Created slice system-modprobe.slice.
[  OK  ] Created slice system-modprobe.slice.
[    5.788070] systemd[1]: Created slice system-serial\x2dgetty.slice.
[  OK  ] Created slice system-serial\x2dgetty.slice.
[    5.808117] systemd[1]: Created slice User and Session Slice.
[  OK  ] Created slice User and Session Slice.
[    5.827675] systemd[1]: Started Dispatch Password Requests to Console Directory Watch.
[  OK  ] Started Dispatch Password ts to Console Directory Watch.
[    5.851660] systemd[1]: Started Forward Password Requests to Wall Directory Watch.
[  OK  ] Started Forward Password Ruests to Wall Directory Watch.
[    5.875628] systemd[1]: Condition check resulted in Arbitrary Executable File Formats File System Automount Point being skipped.
[    5.887234] systemd[1]: Reached target Local Encrypted Volumes.
[  OK  ] Reached target Local Encrypted Volumes.
[    5.907632] systemd[1]: Reached target Paths.
[  OK  ] Reached target Paths.
[    5.923602] systemd[1]: Reached target Remote File Systems.
[  OK  ] Reached target Remote File Systems.
[    5.943597] systemd[1]: Reached target Slices.
[  OK  ] Reached target Slices.
[    5.959606] systemd[1]: Reached target Swap.
[  OK  ] Reached target Swap.
[    5.975622] systemd[1]: Reached target Libvirt guests shutdown.
[  OK  ] Reached target Libvirt guests shutdown.
[    5.995800] systemd[1]: Listening on Device-mapper event daemon FIFOs.
[  OK  ] Listening on Device-mapper event daemon FIFOs.
[    6.015900] systemd[1]: Listening on LVM2 poll daemon socket.
[  OK  ] Listening on LVM2 poll daemon socket.
[    6.035850] systemd[1]: Listening on Syslog Socket.
[  OK  ] Listening on Syslog Socket.
[    6.058558] systemd[1]: Listening on fsck to fsckd communication Socket.
[  OK  ] Listening on fsck to fsckd communication Socket.
[    6.079753] systemd[1]: Listening on initctl Compatibility Named Pipe.
[  OK  ] Listening on initctl Compatibility Named Pipe.
[    6.100113] systemd[1]: Listening on Journal Audit Socket.
[  OK  ] Listening on Journal Audit Socket.
[    6.119864] systemd[1]: Listening on Journal Socket (/dev/log).
[  OK  ] Listening on Journal Socket (/dev/log).
[    6.139915] systemd[1]: Listening on Journal Socket.
[  OK  ] Listening on Journal Socket.
[    6.159901] systemd[1]: Listening on udev Control Socket.
[  OK  ] Listening on udev Control Socket.
[    6.179793] systemd[1]: Listening on udev Kernel Socket.
[  OK  ] Listening on udev Kernel Socket.
[    6.202057] systemd[1]: Mounting /dev/hugepages...
         Mounting /dev/hugepages...
[    6.222226] systemd[1]: Mounting POSIX Message Queue File System...
         Mounting POSIX Message Queue File System...
[    6.246203] systemd[1]: Mounting Kernel Debug File System...
         Mounting Kernel Debug File System...
[    6.263848] systemd[1]: Condition check resulted in Kernel Trace File System being skipped.
[    6.274010] systemd[1]: Starting Journal Service...
         Starting Journal Service...
[    6.293057] systemd[1]: Starting Availability of block devices...
         Starting Availability of block devices...
[    6.313339] systemd[1]: Starting Set the console keyboard layout...
         Starting Set the console keyboard layout...
[    6.336620] systemd[1]: Condition check resulted in Create list of static device nodes for the current kernel being skipped.
[    6.338124] systemd[1]: Starting Monitoring of LVM2 mirrors, snapshots etc. using dmeventd or progress polling...
         Starting Monitoring of LVMmeventd or progress polling...
[    6.385151] systemd[1]: Starting Load Kernel Module chromeos_pstore...
         Starting Load Kernel Module chromeos_pstore...
[    6.407658] systemd[1]: Condition check resulted in Load Kernel Module drm being skipped.
[    6.416287] systemd[1]: Condition check resulted in Load Kernel Module efi_pstore being skipped.
[    6.426528] systemd[1]: Starting Load Kernel Module pstore_blk...
         Starting Load Kernel Module pstore_blk...
[    6.452883] systemd[1]: Starting Load Kernel Module pstore_zone...
         Starting Load Kernel Module pstore_zone...
[    6.473864] systemd[1]: Starting Load Kernel Module ramoops...
         Starting Load Kernel Module ramoops...
[    6.494084] systemd[1]: Condition check resulted in Set Up Additional Binary Formats being skipped.
[    6.503213] systemd[1]: Condition check resulted in File System Check on Root Device being skipped.
[    6.513672] systemd[1]: Starting Remount Root and Kernel File Systems...
         Starting Remount Root and Kerne[    6.522628] EXT4-fs (mmcblk1p4): re-mounted. Opts: errors=remount-ro
l File Systems...
[    6.542225] systemd[1]: Starting udev Coldplug all Devices...
         Starting udev Coldplug all Devices...
[    6.561518] systemd[1]: Started Journal Service.
[  OK  ] Started Journal Service.
[  OK  ] Mounted /dev/hugepages.
[  OK  ] Mounted POSIX Message Queue File System.
[  OK  ] Mounted Kernel Debug File System.
[  OK  ] Finished Availability of block devices.
[  OK  ] Finished Set the console keyboard layout.
[  OK  ] Finished Load Kernel Module chromeos_pstore.
[  OK  ] Finished Load Kernel Module pstore_blk.
[  OK  ] Finished Load Kernel Module pstore_zone.
[  OK  ] Finished Load Kernel Module ramoops.
[  OK  ] Finished Remount Root and Kernel File Systems.
         Starting Flush Journal to Persistent Storage...
[    6.775183] systemd-journald[279]: Received client request to flush runtime journal.
         Starting Load/Save Random Seed...
[    6.799034] systemd-journald[279]: File /var/log/journal/42492c5dc76142f9a662362adebdca73/system.journal corrupted or uncleanly shut down, renaming and replacing.
         Starting Create System Users...
[  OK  ] Finished Create System Users.
         Starting Create Static Device Nodes in /dev...
[  OK  ] Finished Create Static Device Nodes in /dev.
[  OK  ] Finished udev Coldplug all Devices.
         Starting Helper to synchronize boot up for ifupdown...
         Starting udev Kernel Device Manager...
[  OK  ] Finished Helper to synchronize boot up for ifupdown.
[  OK  ] Finished Flush Journal to Persistent Storage.
[  OK  ] Started udev Kernel Device Manager.
[  OK  ] Found device /dev/ttyAMA0.
[  OK  ] Finished Monitoring of LVM dmeventd or progress polling.
[  OK  ] Reached target Local File Systems (Pre).
         Mounting Boot Partition...
[    7.785317] EXT4-fs (mmcblk1p2): mounted filesystem with ordered data mode. Opts: (null)
         Mounting /mnt/huge...
         Mounting /mnt/huge-1G...
[  OK  ] Reached target Containers.
[  OK  ] Mounted Boot Partition.
[  OK  ] Mounted /mnt/huge.
[  OK  ] Mounted /mnt/huge-1G.
[  OK  ] Reached target Local File Systems.
         Starting Set console font and keymap...
         Starting Create final runtdir for shutdown pivot root...
         Starting QEMU KVM preparation - module, ksm, hugepages...
         Starting Load Kernel Modules...
         Starting Create Volatile Files and Directories...
[  OK  ] Finished Set console font and keymap.
[  OK  ] Finished Create final runte dir for shutdown pivot root.
[  OK  ] Finished QEMU KVM preparation - module, ksm, hugepages.
[  OK  ] Finished Load Kernel Modules.
[  OK  ] Finished Create Volatile Files and Directories.
[  OK  ] Found device /sys/subsystem/net/devices/eth1.
         Mounting FUSE Control File System...
         Mounting Kernel Configuration File System...
         Starting Network Name Resolution...
         Starting Apply Kernel Variables...
         Starting Network Time Synchronization...
         Starting Update UTMP about System Boot/Shutdown...
[  OK  ] Mounted FUSE Control File System.
[  OK  ] Mounted Kernel Configuration File System.
[  OK  ] Finished Apply Kernel Variables.
[  OK  ] Started ifup for eth1.
         Starting Raise network interfaces...
[  OK  ] Finished Update UTMP about System Boot/Shutdown.
[  OK  ] Finished Raise network interfaces.
[  OK  ] Started Network Time Synchronization.
[  OK  ] Reached target System Initialization.
[  OK  ] Started Daily Cleanup of Temporary Directories.
[  OK  ] Reached target System Time Set.
[  OK  ] Reached target System Time Synchronized.
[  OK  ] Started Daily apt download activities.
[  OK  ] Started Daily apt upgrade and clean activities.
[  OK  ] Started Periodic ext4 Onliata Check for All Filesystems.
[  OK  ] Started Discard unused blocks once a week.
[  OK  ] Started Daily rotation of log files.
[  OK  ] Started Daily man-db regeneration.
[  OK  ] Started Message of the Day.
[  OK  ] Reached target Timers.
[  OK  ] Listening on D-Bus System Message Bus Socket.
         Starting Docker Socket for the API.
         Starting Libvirt local socket.
[  OK  ] Listening on Virtual machine lock manager socket.
[  OK  ] Listening on Virtual machine lock manager admin socket.
[  OK  ] Listening on Virtual machine log manager socket.
[  OK  ] Listening on Virtual machine log manager socket.
[  OK  ] Started Network Name Resolution.
[  OK  ] Listening on Docker Socket for the API.
[  OK  ] Listening on Libvirt local socket.
[  OK  ] Reached target Network.
[  OK  ] Reached target Network is Online.
[  OK  ] Reached target Host and Network Name Lookups.
[  OK  ] Listening on Libvirt admin socket.
[  OK  ] Listening on Libvirt local read-only socket.
[  OK  ] Reached target Sockets.
[  OK  ] Reached target Basic System.
         Starting containerd container runtime...
[  OK  ] Started Regular background program processing daemon.
[  OK  ] Started D-Bus System Message Bus.
[  OK  ] Started Save initial kernel messages after boot.
         Starting Remove Stale Onlit4 Metadata Check Snapshots...
         Starting NXP Frame Manager Configuration tool...
[  OK  ] Started Glances Web User Interface (per-CPU).
[  OK  ] Started Glances.
         Starting LSB: disk temperature monitoring daemon...
         Starting Pin all device IR to housekeeping CPUs (0-1)...
         Starting LSB: Execute the -e command to reboot system...
         Starting Initialize hardware monitoring sensors...
         Starting Dispatcher daemon for systemd-networkd...
         Starting Samba NMB Daemon...
[  OK  ] Started Set the CPU Frequency Scaling governor.
         Starting System Logging Service...
         Starting OpenBSD Secure Shell server...
[  OK  ] Started strongSwan IPsec IIKEv2 daemon using ipsec.conf.
         Starting Resets System Activity Data Collector...
         Starting Login Service...
         Starting Virtual Machine atainer Registration Service...
         Starting Permit User Sessions...
[  OK  ] Finished Load/Save Random Seed.
[  OK  ] Started containerd container runtime.
[  OK  ] Finished Remove Stale Onliext4 Metadata Check Snapshots.
[  OK  ] Finished NXP Frame Manager Configuration tool.
[  OK  ] Finished Resets System Activity Data Collector.
[  OK  ] Finished Permit User Sessions.
[  OK  ] Finished Initialize hardware monitoring sensors.
[  OK  ] Started OpenBSD Secure Shell server.
         Starting Docker Application Container Engine...
[  OK  ] Started Serial Getty on ttyAMA0.
         Starting Set console scheme...
[  OK  ] Started System Logging Service.
[  OK  ] Finished Set console scheme.
[  OK  ] Started Virtual Machine anontainer Registration Service.
[  OK  ] Started LSB: disk temperature monitoring daemon.
[  OK  ] Started LSB: Execute the kc -e command to reboot system.
[  OK  ] Started Login Service.
[  OK  ] Created slice system-getty.slice.
[  OK  ] Started Getty on tty1.
[  OK  ] Reached target Login Prompts.
         Starting LSB: Load kernel image with kexec...
         Starting Virtualization daemon...
[  OK  ] Started Unattended Upgrades Shutdown.
[  OK  ] Started Samba NMB Daemon.
         Starting Samba SMB Daemon...
[  OK  ] Started LSB: Load kernel image with kexec.
[  OK  ] Finished Pin all device IRQs to housekeeping CPUs (0-1).
[  OK  ] Started Dispatcher daemon for systemd-networkd.
[  OK  ] Started Samba SMB Daemon.
[  OK  ] Started Virtualization daemon.
         Starting Suspend/Resume Running libvirt Guests...
[  OK  ] Finished Suspend/Resume Running libvirt Guests.
[  OK  ] Started Docker Application Container Engine.
[  OK  ] Reached target Multi-User System.
[  OK  ] Reached target Graphical Interface.
         Starting Update UTMP about System Runlevel Changes...
[  OK  ] Finished Update UTMP about System Runlevel Changes.


NXP LSDK 2108 main (custom based on ubuntu 20.04)
localhost login: root

Password: 
Welcome to NXP LSDK 2108 main (custom based on ubuntu 20.04) (GNU/Linux 5.10.35 aarch64)

 * Support:        https://www.nxp.com
 * Licensing:      https://lsdk.github.io/eula
Last login: Mon Feb  9 13:43:03 CST 2026 on ttyAMA0
root@localhost:~# 
root@localhost:~# 
root@localhost:~# cd /srv/samba/[user]/
root@localhost:/srv/samba/[user]# ls
rss-only-v1-1.0.6                         software-rss-v1.1.4
rss-only-v1-1.0.6.tar.gz                  software-rss-v1.1.4.tar.gz
rss-only-v1-1.0.9                         software-rss-v1.1.5
rss-only-v1-1.0.9.tar.gz                  software-rss-v1.1.5.tar.gz
rss-only-v1-1.1.0                         software-rss-v1.2.1
rss-only-v1-1.1.0-B                       software-rss-v1.2.1.tar.gz
rss-only-v1-1.1.0.tar.gz                  software-rss-v1.2.3
rss-only-v1-1.1.1                         software-rss-v1.2.3.tar.gz
rss-only-v1-1.1.1.tar.gz                  software-rss-v1.2.4
rss-only-v1-1.4.0                         software-rss-v1.2.4.tar.gz
rss-only-v1-1.4.0.tar.gz                  software-rss-v1.2.5
rss-only-v1-1.4.1                         software-rss-v1.2.5.tar.gz
rss-only-v1-1.4.1.tar.gz                  software-rss-v1.2.6
rss-only-v1-1.4.2                         software-rss-v1.2.6.tar.gz
rss-only-v1-1.4.2.tar.gz                  software-rss-v1.2.7
rss-only-v1-1.4.3                         software-rss-v1.2.7.tar.gz
rss-only-v1-1.4.3.tar.gz                  software-rss-v1.2.8
rss-only-v1-1.4.4                         software-rss-v1.2.8.tar.gz
rss-only-v1-1.4.4.tar.gz                  software-rss-v1.2.9
rss-only-v1-1.4.5                         software-rss-v1.2.9.tar.gz
rss-only-v1-1.4.5.tar.gz                  software-rss-v1.3.0
rss-only-v1-1.4.6                         software-rss-v1.3.0.tar.gz
rss-only-v1-1.4.6.tar.gz                  software-rss-v1.3.1
rss-only-v1-1.4.7                         software-rss-v1.3.1.tar.gz
rss-only-v1-1.4.7.tar.gz                  software-rss-v1.3.2
rss-only-v1-1.4.8                         software-rss-v1.3.2.tar.gz
rss-only-v1-1.4.8.tar.gz                  software-rss-v1.3.3
rss-only-v1-1.4.9                         software-rss-v1.3.3.tar.gz
rss-only-v1-1.4.9.tar.gz                  software-rss-v1.3.4
rss-only-v1-1.5.0                         software-rss-v1.3.4.tar.gz
rss-only-v1-1.5.0.tar.gz                  software-rss-v1.3.5
rss-only-v1-1.5.1                         software-rss-v1.3.5.tar.gz
rss-only-v1-1.5.1.tar.gz                  software-rss-v1.3.6
rss-only-v1-1.5.2                         software-rss-v1.3.6.tar.gz
rss-only-v1-1.5.2.tar.gz                  software-rss-v1.3.8
rss-only-v1-1.5.3                         software-rss-v1.3.8.tar.gz
rss-only-v1-1.5.3.tar.gz                  software-rss-v1.3.9
rss-only-v1-1.5.4                         software-rss-v1.3.9.tar.gz
rss-only-v1-1.5.4.tar.gz                  software-rss-v1.4.0
rss-only-v1-1.5.5                         software-rss-v1.4.0.tar.gz
rss-only-v1-1.5.5.tar.gz                  software-rss-v1.4.10
rss-only-v1-1.5.6-MC                      software-rss-v1.4.10.tar.gz
rss-only-v1-1.5.6-MC.tar.gz               software-rss-v1.4.11
rss-only-v1-1.5.8                         software-rss-v1.4.11.tar.gz
rss-only-v1-1.5.8.tar.gz                  software-rss-v1.4.2
rss-only-v1.5.7                           software-rss-v1.4.2.tar.gz
rss-only-v1.5.7.tar.gz                    software-rss-v1.4.3
rss-only-v1.5.9                           software-rss-v1.4.3.tar.gz
rss-only-v1.5.9.tar.gz                    software-rss-v1.4.4
rss-only-v1.5.a                           software-rss-v1.4.4.tar.gz
rss-only-v1.5.a.tar.gz                    software-rss-v1.4.5
rss-only-v1.5.b                           software-rss-v1.4.5.tar.gz
rss-only-v1.5.b.tar.gz                    software-rss-v1.4.7
rss-only-v1.5.c                           software-rss-v1.4.7.tar.gz
rss-only-v1.5.c.tar.gz                    software-rss-v1.4.8
rss-only-v2.0.0                           software-rss-v1.4.8.tar.gz
rss-only-v2.0.0.tar.gz                    software-rss-v1.4.9
rss-only-v2.0.1                           software-rss-v1.4.9.tar.gz
rss-only-v2.0.1.tar.gz                    software-rss-v1.5.0
rss-only-v2.1.0                           software-rss-v1.5.0.tar.gz
rss-only-v2.1.0.tar.gz                    software-rss-v1.5.1
rss-only-v2.1.2                           software-rss-v1.5.1.tar.gz
rss-only-v2.1.2.tar.gz                    software-rss-v1.5.2
rss-only-v2.1.3                           software-rss-v1.5.2.a
rss-only-v2.1.3.tar.gz                    software-rss-v1.5.2.a.tar.gz
rss-only-v2.1.4                           software-rss-v1.5.2.b
rss-only-v2.1.4.tar.gz                    software-rss-v1.5.2.b.tar.gz
rss-only-v2.1.5                           software-rss-v1.5.2.tar.gz
rss-only-v2.1.5.tar.gz                    software-rss-v1.5.3
rss-only-v2.1.6                           software-rss-v1.5.3.tar.gz
rss-only-v2.1.6.tar.gz                    software-rss-v1.5.4
rss-only-v2.1.7                           software-rss-v1.5.4.tar.gz
rss-only-v2.1.7.tar.gz                    software-rss-v1.5.5
rss-only-v2.1.8                           software-rss-v1.5.5.tar.gz
rss-only-v2.1.8.tar.gz                    software-rss-v1.5.6
rss-only-v2.1.9                           software-rss-v1.5.6.tar.gz
rss-only-v2.1.9.tar.gz                    software-rss-v1.5.7
rss-only-v2.2.0                           software-rss-v1.5.7.tar.gz
rss-only-v2.2.0.tar.gz                    software-rss-v1.5.8
rss-only-v2.2.1                           software-rss-v1.5.8.tar.gz
rss-only-v2.2.1.tar.gz                    software-rss-v1.5.8a
rss-only-v2.2.2                           software-rss-v1.5.8a.tar.gz
rss-only-v2.2.2.tar.gz                    software-rss-v1.6.0
rss-only-v2.2.3                           software-rss-v1.6.0.tar.gz
rss-only-v2.2.3.tar.gz                    software-rss-v1.6.2
rss-only-v2.2.4                           software-rss-v1.6.2.tar.gz
rss-only-v2.2.4.tar.gz                    software-rss-v1.6.8
rss-only-v2.2.5                           software-rss-v1.6.8.tar.gz
rss-only-v2.2.5.tar.gz                    software-rss-v1.6.9
rss-only-v2.2.6                           software-rss-v1.6.9.tar.gz
rss-only-v2.2.6.tar.gz                    software-rss-v1.7.0
rss-only-v2.2.7                           software-rss-v1.7.0.tar.gz
rss-only-v2.2.7.tar.gz                    software-rss-v1.7.1
rss-only-v2.2.8                           software-rss-v1.7.1.tar.gz
rss-only-v2.2.8.tar.gz                    software-rss-v1.7.2
rss-only-v2.2.9                           software-rss-v1.7.2.tar.gz
rss-only-v2.2.9.a                         software-rss-v1.7.3
rss-only-v2.2.9.a.tar.gz                  software-rss-v1.7.3.tar.gz
rss-only-v2.2.9.tar.gz                    software-rss-v1.7.4
rss-only-v2.3.0                           software-rss-v1.7.4.tar.gz
rss-only-v2.3.0.tar.gz                    software-rss-v1.7.5
rss-only-v2.3.1                           software-rss-v1.7.5.tar.gz
rss-only-v2.3.1.tar.gz                    software-rss-v1.7.6
rss-only-v2.3.2                           software-rss-v1.7.6.tar.gz
rss-only-v2.3.2.tar.gz                    software-rss-v1.7.7
rss-only-v2.3.3                           software-rss-v1.7.7.tar.gz
rss-only-v2.3.3.tar.gz                    software-rss-v1.7.8
rss-only-v2.3.4                           software-rss-v1.7.8.tar.gz
rss-only-v2.3.4.tar.gz                    software-rss-v1.7.9
rss-only-v2.3.5                           software-rss-v1.7.9.tar.gz
rss-only-v2.3.5.tar.gz                    software-rss-v1.8.0
rss-only-v2.4.0                           software-rss-v1.8.0.tar.gz
rss-only-v2.4.0.tar.gz                    software-rss-v1.8.1
rss-only-v2.5.0                           software-rss-v1.8.1.tar.gz
rss-only-v2.5.0.tar.gz                    software-rss-v1.8.2
rss-only-v2.5.1                           software-rss-v1.8.2.tar.gz
rss-only-v2.5.1.tar.gz                    software-rss-v1.8.3
software-packet-distributor               software-rss-v1.8.3.tar.gz
software-packet-distributor-1.0.5.tar.gz  software-rss-v1.8.4
software-rss-v1.0.0                       software-rss-v1.8.4.tar.gz
software-rss-v1.0.0.tar.gz                software-rss-v1.8.5
software-rss-v1.0.1                       software-rss-v1.8.5.tar.gz
software-rss-v1.0.1.tar.gz                software-rss-v1.8.6
software-rss-v1.0.2                       software-rss-v1.8.6.tar.gz
software-rss-v1.0.2.tar.gz                software-rss-v1.8.7
software-rss-v1.0.3                       software-rss-v1.8.7.tar.gz
software-rss-v1.0.3.tar.gz                software-rss-v1.8.8
software-rss-v1.0.4                       software-rss-v1.8.8.tar.gz
software-rss-v1.0.4.tar.gz                software-rss-v1.8.9
software-rss-v1.0.5                       software-rss-v1.8.9.tar.gz
software-rss-v1.0.5.tar.gz                software-rss-v1.9.0
software-rss-v1.0.6                       software-rss-v1.9.0.tar.gz
software-rss-v1.0.6.tar.gz                software-rss-v1.9.1
software-rss-v1.0.7                       software-rss-v1.9.1.tar.gz
software-rss-v1.0.7.tar.gz                software-rss-v1.9.2
software-rss-v1.0.8                       software-rss-v1.9.2.tar.gz
software-rss-v1.0.8.tar.gz                software-rss-v1.9.3
software-rss-v1.0.9                       software-rss-v1.9.3.tar.gz
software-rss-v1.0.9.tar.gz                software-rss-v1.9.4
software-rss-v1.1.0                       software-rss-v1.9.4.tar.gz
software-rss-v1.1.0.tar.gz                software-rss-v1.9.5
software-rss-v1.1.1                       software-rss-v1.9.5.tar.gz
software-rss-v1.1.1.tar.gz                software-rss-v1.9.6
software-rss-v1.1.2                       software-rss-v1.9.6.tar.gz
software-rss-v1.1.2.tar.gz                software-rss-v1.9.7
software-rss-v1.1.3                       software-rss-v1.9.7.tar.gz
software-rss-v1.1.3.tar.gz
root@localhost:/srv/samba/[user]# mount | grep hugetlbfs
nodev on /dev/hugepages type hugetlbfs (rw,relatime,pagesize=2M)
none on /mnt/huge type hugetlbfs (rw,relatime,pagesize=2M,size=4294967296)
none on /mnt/huge-1G type hugetlbfs (rw,relatime,pagesize=1024M,size=4294967296)
root@localhost:/srv/samba/[user]# 
root@localhost:/srv/samba/[user]# 
root@localhost:/srv/samba/[user]# cd software-rss-v1.9.7
root@localhost:/srv/samba/[user]/software-rss-v1.9.7# ls
Makefile  README.md  software-rss  src  start-software-rss.sh
root@localhost:/srv/samba/[user]/software-rss-v1.9.7# sudo ./start-software-rss.sh --help
usage: ./start-software-rss.sh [--gbps <num>] [--mpps <num>] [--duration <seconds>] [--elephants on|off] [--greedy on|off]
  --gbps N      : target line rate in Gbps (e.g., 10)
  --mpps N      : target rate in million packets/s (e.g., 19.53)
  note: --mpps takes precedence over --gbps
  --duration S  : run time in seconds (default: 32)
  --elephants on|off : enable or disable 3 elephant flows (~10% each). Default: on
  --greedy on|off    : enable or disable Greedy Reshaper. Default: on
root@localhost:/srv/samba/[user]/software-rss-v1.9.7# sudo ./start-software-rss.sh --helpduration 300 --greedy off --elephants off
[start] ELEPHANTS=off
[start] GREEDY=off
[start] Reconciling HugePages configuration...
[start] HugePages_Total/Free:
HugePages_Total:       4
HugePages_Free:        4
Hugepagesize:    1048576 kB
[start] software-rss started: pid=1102 pgid=1102
EAL: Detected 16 lcore(s)
EAL: Detected 1 NUMA nodes
EAL: Detected shared linkage of DPDK
EAL: Multi-process socket /var/run/dpdk/rss1/mp_socket
EAL: Selected IOVA mode 'VA'
EAL: No available hugepages reported in hugepages-32768kB
EAL: No available hugepages reported in hugepages-64kB
EAL: Probing VFIO support...
EAL: VFIO support initialized
EAL: No legacy callbacks, legacy socket not created
[software-rss] XXH distributor (v1.9.7)
 time : 2026-02-09 16:20:10 CST
 generator core : 4
 Distributor-A core : 6
 Distributor-B core : 7
 sink core : 3
 perf core : 5
 workers : 8,9,10,11,12,13,14,15
 ring size : 8192
 pipeline size : 65536
 flows : 1024 (mice+elephants; power-of-two)
[config] elephants: OFF (all 1024 are mice)
 UDP/TCP: ~50/50 via wheel (1024 slots; shuffled; elephants weighted if ON)
 worker select: FAT hit -> worker ; miss -> RETA[XXH32(MSB-8) & mask]
 FAT: 2048 entries (8B each), 8-probe window, 5-bit modular age
[worker-8] started
[worker-9] started
[worker-10] started
[worker-11] started
[worker-12] started
[worker-13] started
[worker-14] started
[worker-15] started
[Distributor-B] started
[Distributor-A] started (FAT: 8B, 56+3+5; XXH32/XXH64)
[perf] started
[generator] started
[sink] started
[perf] w08 rx=484.61 Kpps tx=484.61 Kpps drop=0.00 Kpps flows=0
[perf] w09 rx=501.36 Kpps tx=501.36 Kpps drop=0.00 Kpps flows=0
[perf] w10 rx=534.79 Kpps tx=534.79 Kpps drop=0.00 Kpps flows=0
[perf] w11 rx=597.46 Kpps tx=597.46 Kpps drop=0.00 Kpps flows=0
[perf] w12 rx=538.99 Kpps tx=538.99 Kpps drop=0.00 Kpps flows=0
[perf] w13 rx=513.91 Kpps tx=513.91 Kpps drop=0.00 Kpps flows=0
[perf] w14 rx=568.24 Kpps tx=568.24 Kpps drop=0.00 Kpps flows=0
[perf] w15 rx=539.02 Kpps tx=539.02 Kpps drop=0.00 Kpps flows=0
[perf] gen tx=4.28 Mpps drop=0.00 Mpps
[perf] dist rx=4.28 Mpps tx=4.28 Mpps drop=0.00 Mpps
[perf] workers rx stddev=33.83 Kpps
[perf] workers flows stddev=0.00
[perf] FAT hits=4.21M misses=0.07M evictions=0.07M
[reta] greedy moves=0
[perf] w08 rx=559.41 Kpps tx=559.41 Kpps drop=0.00 Kpps flows=127
[perf] w09 rx=592.88 Kpps tx=592.88 Kpps drop=0.00 Kpps flows=134
[perf] w10 rx=616.77 Kpps tx=616.77 Kpps drop=0.00 Kpps flows=138
[perf] w11 rx=659.81 Kpps tx=659.81 Kpps drop=0.00 Kpps flows=152
[perf] w12 rx=597.65 Kpps tx=597.65 Kpps drop=0.00 Kpps flows=135
[perf] w13 rx=578.54 Kpps tx=578.54 Kpps drop=0.00 Kpps flows=129
[perf] w14 rx=621.55 Kpps tx=621.55 Kpps drop=0.00 Kpps flows=145
[perf] w15 rx=669.36 Kpps tx=669.36 Kpps drop=0.00 Kpps flows=143
[perf] gen tx=4.90 Mpps drop=0.00 Mpps
[perf] dist rx=4.90 Mpps tx=4.90 Mpps drop=0.00 Mpps
[perf] workers rx stddev=35.62 Kpps
[perf] workers flows stddev=7.88
[perf] FAT hits=4.86M misses=0.04M evictions=0.04M
[reta] greedy moves=0
[perf] w08 rx=553.56 Kpps tx=553.56 Kpps drop=0.00 Kpps flows=130
[perf] w09 rx=639.45 Kpps tx=639.45 Kpps drop=0.00 Kpps flows=140
[perf] w10 rx=563.10 Kpps tx=563.10 Kpps drop=0.00 Kpps flows=135
[perf] w11 rx=682.39 Kpps tx=682.39 Kpps drop=0.00 Kpps flows=151
[perf] w12 rx=582.18 Kpps tx=582.18 Kpps drop=0.00 Kpps flows=128
[perf] w13 rx=606.04 Kpps tx=606.04 Kpps drop=0.00 Kpps flows=132
[perf] w14 rx=620.36 Kpps tx=620.36 Kpps drop=0.00 Kpps flows=139
[perf] w15 rx=639.46 Kpps tx=639.46 Kpps drop=0.00 Kpps flows=143
[perf] gen tx=4.89 Mpps drop=0.00 Mpps
[perf] dist rx=4.89 Mpps tx=4.89 Mpps drop=0.00 Mpps
[perf] workers rx stddev=40.70 Kpps
[perf] workers flows stddev=7.10
[perf] FAT hits=4.88M misses=0.01M evictions=0.01M
[reta] greedy moves=0
[perf] w08 rx=591.73 Kpps tx=591.73 Kpps drop=0.00 Kpps flows=127
[perf] w09 rx=658.52 Kpps tx=658.52 Kpps drop=0.00 Kpps flows=147
[perf] w10 rx=567.85 Kpps tx=567.85 Kpps drop=0.00 Kpps flows=126
[perf] w11 rx=649.00 Kpps tx=649.00 Kpps drop=0.00 Kpps flows=149
[perf] w12 rx=539.22 Kpps tx=539.22 Kpps drop=0.00 Kpps flows=131
[perf] w13 rx=634.66 Kpps tx=634.66 Kpps drop=0.00 Kpps flows=140
[perf] w14 rx=615.58 Kpps tx=615.58 Kpps drop=0.00 Kpps flows=139
[perf] w15 rx=629.88 Kpps tx=629.88 Kpps drop=0.00 Kpps flows=145
[perf] gen tx=4.89 Mpps drop=0.00 Mpps
[perf] dist rx=4.89 Mpps tx=4.89 Mpps drop=0.00 Mpps
[perf] workers rx stddev=38.77 Kpps
[perf] workers flows stddev=8.44
[perf] FAT hits=4.88M misses=0.01M evictions=0.01M
[reta] greedy moves=0
[perf] w08 rx=620.34 Kpps tx=620.34 Kpps drop=0.00 Kpps flows=137
[perf] w09 rx=658.51 Kpps tx=658.51 Kpps drop=0.00 Kpps flows=150
[perf] w10 rx=553.55 Kpps tx=553.55 Kpps drop=0.00 Kpps flows=126
[perf] w11 rx=625.11 Kpps tx=625.11 Kpps drop=0.00 Kpps flows=141
[perf] w12 rx=548.77 Kpps tx=548.77 Kpps drop=0.00 Kpps flows=120
[perf] w13 rx=625.14 Kpps tx=625.14 Kpps drop=0.00 Kpps flows=142
[perf] w14 rx=620.36 Kpps tx=620.36 Kpps drop=0.00 Kpps flows=136
[perf] w15 rx=634.64 Kpps tx=634.64 Kpps drop=0.00 Kpps flows=137
[perf] gen tx=4.89 Mpps drop=0.00 Mpps
[perf] dist rx=4.89 Mpps tx=4.89 Mpps drop=0.00 Mpps
[perf] workers rx stddev=36.34 Kpps
[perf] workers flows stddev=8.77
[perf] FAT hits=4.88M misses=0.01M evictions=0.01M
[reta] greedy moves=0
[perf] w08 rx=625.14 Kpps tx=625.14 Kpps drop=0.00 Kpps flows=138
[perf] w09 rx=682.41 Kpps tx=682.41 Kpps drop=0.00 Kpps flows=151
[perf] w10 rx=534.48 Kpps tx=534.48 Kpps drop=0.00 Kpps flows=127
[perf] w11 rx=620.37 Kpps tx=620.37 Kpps drop=0.00 Kpps flows=140
[perf] w12 rx=558.34 Kpps tx=558.34 Kpps drop=0.00 Kpps flows=125
[perf] w13 rx=582.20 Kpps tx=582.20 Kpps drop=0.00 Kpps flows=137
[perf] w14 rx=668.09 Kpps tx=668.09 Kpps drop=0.00 Kpps flows=141
[perf] w15 rx=615.63 Kpps tx=615.63 Kpps drop=0.00 Kpps flows=139
[perf] gen tx=4.89 Mpps drop=0.00 Mpps
[perf] dist rx=4.89 Mpps tx=4.89 Mpps drop=0.00 Mpps
[perf] workers rx stddev=47.60 Kpps
[perf] workers flows stddev=7.66
[perf] FAT hits=4.89M misses=0.00M evictions=0.00M
[reta] greedy moves=0
[perf] w08 rx=649.00 Kpps tx=649.00 Kpps drop=0.00 Kpps flows=142
[perf] w09 rx=691.93 Kpps tx=691.93 Kpps drop=0.00 Kpps flows=158
[perf] w10 rx=534.46 Kpps tx=534.46 Kpps drop=0.00 Kpps flows=123
[perf] w11 rx=615.58 Kpps tx=615.57 Kpps drop=0.00 Kpps flows=136
[perf] w12 rx=524.91 Kpps tx=524.91 Kpps drop=0.00 Kpps flows=124
[perf] w13 rx=620.34 Kpps tx=620.34 Kpps drop=0.00 Kpps flows=137
[perf] w14 rx=649.00 Kpps tx=649.00 Kpps drop=0.00 Kpps flows=146
[perf] w15 rx=601.26 Kpps tx=601.26 Kpps drop=0.00 Kpps flows=140
[perf] gen tx=4.89 Mpps drop=0.00 Mpps
[perf] dist rx=4.89 Mpps tx=4.89 Mpps drop=0.00 Mpps
[perf] workers rx stddev=53.51 Kpps
[perf] workers flows stddev=10.66
[perf] FAT hits=4.89M misses=0.00M evictions=0.00M
[reta] greedy moves=0
[perf] w08 rx=682.38 Kpps tx=682.38 Kpps drop=0.00 Kpps flows=140
[perf] w09 rx=672.84 Kpps tx=672.84 Kpps drop=0.00 Kpps flows=156
[perf] w10 rx=563.09 Kpps tx=563.09 Kpps drop=0.00 Kpps flows=125
[perf] w11 rx=615.58 Kpps tx=615.59 Kpps drop=0.00 Kpps flows=139
[perf] w12 rx=510.60 Kpps tx=510.60 Kpps drop=0.00 Kpps flows=116
[perf] w13 rx=629.90 Kpps tx=629.90 Kpps drop=0.00 Kpps flows=135
[perf] w14 rx=625.12 Kpps tx=625.12 Kpps drop=0.00 Kpps flows=142
[perf] w15 rx=586.92 Kpps tx=586.92 Kpps drop=0.00 Kpps flows=132
[perf] gen tx=4.89 Mpps drop=0.00 Mpps
[perf] dist rx=4.89 Mpps tx=4.89 Mpps drop=0.00 Mpps
[perf] workers rx stddev=52.98 Kpps
[perf] workers flows stddev=11.17
[perf] FAT hits=4.89M misses=0.00M evictions=0.00M
[reta] greedy moves=0
[perf] w08 rx=696.71 Kpps tx=696.71 Kpps drop=0.00 Kpps flows=158
[perf] w09 rx=687.16 Kpps tx=687.16 Kpps drop=0.00 Kpps flows=146
[perf] w10 rx=586.93 Kpps tx=586.93 Kpps drop=0.00 Kpps flows=126
[perf] w11 rx=610.81 Kpps tx=610.81 Kpps drop=0.00 Kpps flows=139
[perf] w12 rx=515.37 Kpps tx=515.37 Kpps drop=0.00 Kpps flows=119
[perf] w13 rx=606.04 Kpps tx=606.04 Kpps drop=0.00 Kpps flows=142
[perf] w14 rx=639.43 Kpps tx=639.43 Kpps drop=0.00 Kpps flows=142
[perf] w15 rx=544.02 Kpps tx=544.02 Kpps drop=0.00 Kpps flows=131
[perf] gen tx=4.89 Mpps drop=0.00 Mpps
[perf] dist rx=4.89 Mpps tx=4.89 Mpps drop=0.00 Mpps
[perf] workers rx stddev=59.36 Kpps
[perf] workers flows stddev=11.46
[perf] FAT hits=4.89M misses=0.00M evictions=0.00M
[reta] greedy moves=0
[perf] w08 rx=663.29 Kpps tx=663.29 Kpps drop=0.00 Kpps flows=151
[perf] w09 rx=706.24 Kpps tx=706.24 Kpps drop=0.00 Kpps flows=157
[perf] w10 rx=582.17 Kpps tx=582.17 Kpps drop=0.00 Kpps flows=133
[perf] w11 rx=629.88 Kpps tx=629.88 Kpps drop=0.00 Kpps flows=140
[perf] w12 rx=510.60 Kpps tx=510.60 Kpps drop=0.00 Kpps flows=116
[perf] w13 rx=634.66 Kpps tx=634.66 Kpps drop=0.00 Kpps flows=143
[perf] w14 rx=615.59 Kpps tx=615.59 Kpps drop=0.00 Kpps flows=141
[perf] w15 rx=544.00 Kpps tx=544.00 Kpps drop=0.00 Kpps flows=125
[perf] gen tx=4.89 Mpps drop=0.00 Mpps
[perf] dist rx=4.89 Mpps tx=4.89 Mpps drop=0.00 Mpps
[perf] workers rx stddev=59.31 Kpps
[perf] workers flows stddev=12.48
[perf] FAT hits=4.89M misses=0.00M evictions=0.00M
[reta] greedy moves=0
[perf] w08 rx=629.90 Kpps tx=629.90 Kpps drop=0.00 Kpps flows=149
[perf] w09 rx=663.30 Kpps tx=663.30 Kpps drop=0.00 Kpps flows=160
[perf] w10 rx=649.00 Kpps tx=649.00 Kpps drop=0.00 Kpps flows=139
[perf] w11 rx=591.73 Kpps tx=591.73 Kpps drop=0.00 Kpps flows=137
[perf] w12 rx=572.64 Kpps tx=572.64 Kpps drop=0.00 Kpps flows=120
[perf] w13 rx=625.13 Kpps tx=625.13 Kpps drop=0.00 Kpps flows=139
[perf] w14 rx=572.64 Kpps tx=572.64 Kpps drop=0.00 Kpps flows=133
[perf] w15 rx=582.19 Kpps tx=582.19 Kpps drop=0.00 Kpps flows=122
[perf] gen tx=4.89 Mpps drop=0.00 Mpps
[perf] dist rx=4.89 Mpps tx=4.89 Mpps drop=0.00 Mpps
[perf] workers rx stddev=33.32 Kpps
[perf] workers flows stddev=12.30
[perf] FAT hits=4.89M misses=0.00M evictions=0.00M
[reta] greedy moves=0
[perf] w08 rx=610.80 Kpps tx=610.80 Kpps drop=0.00 Kpps flows=143
[perf] w09 rx=653.77 Kpps tx=653.75 Kpps drop=0.00 Kpps flows=150
[perf] w10 rx=644.21 Kpps tx=644.21 Kpps drop=0.00 Kpps flows=145
[perf] w11 rx=615.57 Kpps tx=615.57 Kpps drop=0.00 Kpps flows=134
[perf] w12 rx=572.64 Kpps tx=572.62 Kpps drop=0.00 Kpps flows=133
[perf] w13 rx=634.67 Kpps tx=634.67 Kpps drop=0.00 Kpps flows=146
[perf] w14 rx=577.40 Kpps tx=577.40 Kpps drop=0.00 Kpps flows=129
[perf] w15 rx=577.42 Kpps tx=577.42 Kpps drop=0.00 Kpps flows=130
[perf] gen tx=4.89 Mpps drop=0.00 Mpps
[perf] dist rx=4.89 Mpps tx=4.89 Mpps drop=0.00 Mpps
[perf] workers rx stddev=30.09 Kpps
[perf] workers flows stddev=7.61
[perf] FAT hits=4.88M misses=0.01M evictions=0.01M
[reta] greedy moves=0
[perf] w08 rx=577.41 Kpps tx=577.41 Kpps drop=0.00 Kpps flows=133
[perf] w09 rx=672.83 Kpps tx=672.85 Kpps drop=0.00 Kpps flows=148
[perf] w10 rx=634.66 Kpps tx=634.66 Kpps drop=0.00 Kpps flows=145
[perf] w11 rx=601.26 Kpps tx=601.26 Kpps drop=0.00 Kpps flows=135
[perf] w12 rx=620.34 Kpps tx=620.36 Kpps drop=0.00 Kpps flows=136
[perf] w13 rx=606.03 Kpps tx=606.03 Kpps drop=0.00 Kpps flows=141
[perf] w14 rx=586.95 Kpps tx=586.95 Kpps drop=0.00 Kpps flows=130
[perf] w15 rx=586.94 Kpps tx=586.94 Kpps drop=0.00 Kpps flows=134
[perf] gen tx=4.89 Mpps drop=0.00 Mpps
[perf] dist rx=4.89 Mpps tx=4.89 Mpps drop=0.00 Mpps
[perf] workers rx stddev=29.32 Kpps
[perf] workers flows stddev=5.87
[perf] FAT hits=4.88M misses=0.01M evictions=0.01M
[reta] greedy moves=0
[perf] w08 rx=582.17 Kpps tx=582.17 Kpps drop=0.00 Kpps flows=128
[perf] w09 rx=653.76 Kpps tx=653.76 Kpps drop=0.00 Kpps flows=153
[perf] w10 rx=615.57 Kpps tx=615.57 Kpps drop=0.00 Kpps flows=141
[perf] w11 rx=596.49 Kpps tx=596.49 Kpps drop=0.00 Kpps flows=133
[perf] w12 rx=615.57 Kpps tx=615.57 Kpps drop=0.00 Kpps flows=138
[perf] w13 rx=634.67 Kpps tx=634.67 Kpps drop=0.00 Kpps flows=135
[perf] w14 rx=572.62 Kpps tx=572.62 Kpps drop=0.00 Kpps flows=134
[perf] w15 rx=615.57 Kpps tx=615.57 Kpps drop=0.00 Kpps flows=130
[perf] gen tx=4.89 Mpps drop=0.00 Mpps
[perf] dist rx=4.89 Mpps tx=4.89 Mpps drop=0.00 Mpps
[perf] workers rx stddev=24.91 Kpps
[perf] workers flows stddev=7.33
[perf] FAT hits=4.89M misses=0.00M evictions=0.00M
[reta] greedy moves=0
[perf] w08 rx=577.41 Kpps tx=577.41 Kpps drop=0.00 Kpps flows=130
[perf] w09 rx=629.92 Kpps tx=629.92 Kpps drop=0.00 Kpps flows=147
[perf] w10 rx=625.16 Kpps tx=625.16 Kpps drop=0.00 Kpps flows=146
[perf] w11 rx=606.04 Kpps tx=606.04 Kpps drop=0.00 Kpps flows=136
[perf] w12 rx=634.69 Kpps tx=634.69 Kpps drop=0.00 Kpps flows=138
[perf] w13 rx=563.10 Kpps tx=563.10 Kpps drop=0.00 Kpps flows=137
[perf] w14 rx=601.27 Kpps tx=601.27 Kpps drop=0.00 Kpps flows=131
[perf] w15 rx=649.00 Kpps tx=649.00 Kpps drop=0.00 Kpps flows=141
[perf] gen tx=4.89 Mpps drop=0.00 Mpps
[perf] dist rx=4.89 Mpps tx=4.89 Mpps drop=0.00 Mpps
[perf] workers rx stddev=27.63 Kpps
[perf] workers flows stddev=5.83
[perf] FAT hits=4.89M misses=0.00M evictions=0.00M
[reta] greedy moves=0
[perf] w08 rx=586.95 Kpps tx=586.95 Kpps drop=0.00 Kpps flows=133
[perf] w09 rx=625.11 Kpps tx=625.11 Kpps drop=0.00 Kpps flows=142
[perf] w10 rx=629.91 Kpps tx=629.91 Kpps drop=0.00 Kpps flows=140
[perf] w11 rx=563.10 Kpps tx=563.10 Kpps drop=0.00 Kpps flows=135
[perf] w12 rx=629.88 Kpps tx=629.88 Kpps drop=0.00 Kpps flows=144
[perf] w13 rx=567.87 Kpps tx=567.87 Kpps drop=0.00 Kpps flows=129
[perf] w14 rx=625.15 Kpps tx=625.15 Kpps drop=0.00 Kpps flows=136
[perf] w15 rx=658.52 Kpps tx=658.52 Kpps drop=0.00 Kpps flows=147
[perf] gen tx=4.89 Mpps drop=0.00 Mpps
[perf] dist rx=4.89 Mpps tx=4.89 Mpps drop=0.00 Mpps
[perf] workers rx stddev=31.83 Kpps
[perf] workers flows stddev=5.65
[perf] FAT hits=4.88M misses=0.01M evictions=0.01M
[reta] greedy moves=0
[perf] w08 rx=539.25 Kpps tx=539.25 Kpps drop=0.00 Kpps flows=131
[perf] w09 rx=663.31 Kpps tx=663.31 Kpps drop=0.00 Kpps flows=144
[perf] w10 rx=653.74 Kpps tx=653.74 Kpps drop=0.00 Kpps flows=146
[perf] w11 rx=553.55 Kpps tx=553.55 Kpps drop=0.00 Kpps flows=129
[perf] w12 rx=610.83 Kpps tx=610.83 Kpps drop=0.00 Kpps flows=136
[perf] w13 rx=563.09 Kpps tx=563.09 Kpps drop=0.00 Kpps flows=127
[perf] w14 rx=620.36 Kpps tx=620.36 Kpps drop=0.00 Kpps flows=142
[perf] w15 rx=682.39 Kpps tx=682.39 Kpps drop=0.00 Kpps flows=146
[perf] gen tx=4.89 Mpps drop=0.00 Mpps
[perf] dist rx=4.89 Mpps tx=4.89 Mpps drop=0.00 Mpps
[perf] workers rx stddev=50.61 Kpps
[perf] workers flows stddev=7.36
[perf] FAT hits=4.86M misses=0.03M evictions=0.03M
[reta] greedy moves=0
[perf] w08 rx=577.40 Kpps tx=577.40 Kpps drop=0.00 Kpps flows=122
[perf] w09 rx=620.37 Kpps tx=620.37 Kpps drop=0.00 Kpps flows=144
[perf] w10 rx=625.12 Kpps tx=625.12 Kpps drop=0.00 Kpps flows=143
[perf] w11 rx=577.40 Kpps tx=577.40 Kpps drop=0.00 Kpps flows=130
[perf] w12 rx=658.53 Kpps tx=658.53 Kpps drop=0.00 Kpps flows=139
[perf] w13 rx=548.77 Kpps tx=548.77 Kpps drop=0.00 Kpps flows=132
[perf] w14 rx=629.89 Kpps tx=629.89 Kpps drop=0.00 Kpps flows=140
[perf] w15 rx=648.99 Kpps tx=648.99 Kpps drop=0.00 Kpps flows=154
[perf] gen tx=4.89 Mpps drop=0.00 Mpps
[perf] dist rx=4.89 Mpps tx=4.89 Mpps drop=0.00 Mpps
[perf] workers rx stddev=36.19 Kpps
[perf] workers flows stddev=9.21
[perf] FAT hits=4.86M misses=0.03M evictions=0.03M
[reta] greedy moves=0
[perf] w08 rx=591.71 Kpps tx=591.71 Kpps drop=0.00 Kpps flows=132
[perf] w09 rx=658.52 Kpps tx=658.52 Kpps drop=0.00 Kpps flows=144
[perf] w10 rx=596.50 Kpps tx=596.50 Kpps drop=0.00 Kpps flows=143
[perf] w11 rx=586.96 Kpps tx=586.96 Kpps drop=0.00 Kpps flows=130
[perf] w12 rx=625.11 Kpps tx=625.11 Kpps drop=0.00 Kpps flows=147
[perf] w13 rx=534.47 Kpps tx=534.47 Kpps drop=0.00 Kpps flows=120
[perf] w14 rx=672.86 Kpps tx=672.86 Kpps drop=0.00 Kpps flows=143
[perf] w15 rx=620.35 Kpps tx=620.35 Kpps drop=0.00 Kpps flows=146
[perf] gen tx=4.89 Mpps drop=0.00 Mpps
[perf] dist rx=4.89 Mpps tx=4.89 Mpps drop=0.00 Mpps
[perf] workers rx stddev=40.91 Kpps
[perf] workers flows stddev=9.05
[perf] FAT hits=4.85M misses=0.04M evictions=0.04M
[reta] greedy moves=0
[perf] w08 rx=606.02 Kpps tx=606.02 Kpps drop=0.00 Kpps flows=133
[perf] w09 rx=677.61 Kpps tx=677.61 Kpps drop=0.00 Kpps flows=146
[perf] w10 rx=577.40 Kpps tx=577.40 Kpps drop=0.00 Kpps flows=133
[perf] w11 rx=572.62 Kpps tx=572.62 Kpps drop=0.00 Kpps flows=131
[perf] w12 rx=610.81 Kpps tx=610.81 Kpps drop=0.00 Kpps flows=143
[perf] w13 rx=520.13 Kpps tx=520.13 Kpps drop=0.00 Kpps flows=126
[perf] w14 rx=682.36 Kpps tx=682.36 Kpps drop=0.00 Kpps flows=153
[perf] w15 rx=639.44 Kpps tx=639.44 Kpps drop=0.00 Kpps flows=139
[perf] gen tx=4.89 Mpps drop=0.00 Mpps
[perf] dist rx=4.89 Mpps tx=4.89 Mpps drop=0.00 Mpps
[perf] workers rx stddev=51.51 Kpps
[perf] workers flows stddev=8.35
[perf] FAT hits=4.89M misses=0.00M evictions=0.00M
[reta] greedy moves=0
[perf] w08 rx=615.59 Kpps tx=615.59 Kpps drop=0.00 Kpps flows=134
[perf] w09 rx=639.44 Kpps tx=639.44 Kpps drop=0.00 Kpps flows=150
[perf] w10 rx=644.21 Kpps tx=644.21 Kpps drop=0.00 Kpps flows=139
[perf] w11 rx=572.63 Kpps tx=572.63 Kpps drop=0.00 Kpps flows=128
[perf] w12 rx=563.07 Kpps tx=563.07 Kpps drop=0.00 Kpps flows=136
[perf] w13 rx=567.86 Kpps tx=567.86 Kpps drop=0.00 Kpps flows=124
[perf] w14 rx=648.98 Kpps tx=648.98 Kpps drop=0.00 Kpps flows=146
[perf] w15 rx=634.66 Kpps tx=634.66 Kpps drop=0.00 Kpps flows=143
[perf] gen tx=4.89 Mpps drop=0.00 Mpps
[perf] dist rx=4.89 Mpps tx=4.89 Mpps drop=0.00 Mpps
[perf] workers rx stddev=34.58 Kpps
[perf] workers flows stddev=8.28
[perf] FAT hits=4.89M misses=0.00M evictions=0.00M
[reta] greedy moves=0
[perf] w08 rx=610.80 Kpps tx=610.80 Kpps drop=0.00 Kpps flows=136
[perf] w09 rx=639.43 Kpps tx=639.43 Kpps drop=0.00 Kpps flows=147
[perf] w10 rx=672.83 Kpps tx=672.83 Kpps drop=0.00 Kpps flows=147
[perf] w11 rx=558.32 Kpps tx=558.32 Kpps drop=0.00 Kpps flows=126
[perf] w12 rx=582.17 Kpps tx=582.17 Kpps drop=0.00 Kpps flows=126
[perf] w13 rx=544.00 Kpps tx=544.00 Kpps drop=0.00 Kpps flows=123
[perf] w14 rx=663.31 Kpps tx=663.31 Kpps drop=0.00 Kpps flows=147
[perf] w15 rx=615.55 Kpps tx=615.55 Kpps drop=0.00 Kpps flows=138
[perf] gen tx=4.89 Mpps drop=0.00 Mpps
[perf] dist rx=4.89 Mpps tx=4.89 Mpps drop=0.00 Mpps
[perf] workers rx stddev=43.99 Kpps
[perf] workers flows stddev=9.59
[perf] FAT hits=4.89M misses=0.00M evictions=0.00M
[reta] greedy moves=0
[perf] w08 rx=625.11 Kpps tx=625.11 Kpps drop=0.00 Kpps flows=140
[perf] w09 rx=620.36 Kpps tx=620.36 Kpps drop=0.00 Kpps flows=139
[perf] w10 rx=672.87 Kpps tx=672.87 Kpps drop=0.00 Kpps flows=154
[perf] w11 rx=539.24 Kpps tx=539.24 Kpps drop=0.00 Kpps flows=124
[perf] w12 rx=586.97 Kpps tx=586.97 Kpps drop=0.00 Kpps flows=131
[perf] w13 rx=582.20 Kpps tx=582.20 Kpps drop=0.00 Kpps flows=121
[perf] w14 rx=677.62 Kpps tx=677.62 Kpps drop=0.00 Kpps flows=156
[perf] w15 rx=582.19 Kpps tx=582.19 Kpps drop=0.00 Kpps flows=138
[perf] gen tx=4.89 Mpps drop=0.00 Mpps
[perf] dist rx=4.89 Mpps tx=4.89 Mpps drop=0.00 Mpps
[perf] workers rx stddev=44.64 Kpps
[perf] workers flows stddev=11.83
[perf] FAT hits=4.89M misses=0.00M evictions=0.00M
[reta] greedy moves=0
[perf] w08 rx=572.68 Kpps tx=572.68 Kpps drop=0.00 Kpps flows=138
[perf] w09 rx=634.69 Kpps tx=634.69 Kpps drop=0.00 Kpps flows=138
[perf] w10 rx=672.85 Kpps tx=672.85 Kpps drop=0.00 Kpps flows=151
[perf] w11 rx=586.97 Kpps tx=586.97 Kpps drop=0.00 Kpps flows=124
[perf] w12 rx=591.75 Kpps tx=591.75 Kpps drop=0.00 Kpps flows=132
[perf] w13 rx=567.87 Kpps tx=567.87 Kpps drop=0.00 Kpps flows=130
[perf] w14 rx=649.01 Kpps tx=649.01 Kpps drop=0.00 Kpps flows=148
[perf] w15 rx=610.84 Kpps tx=610.84 Kpps drop=0.00 Kpps flows=135
[perf] gen tx=4.89 Mpps drop=0.00 Mpps
[perf] dist rx=4.89 Mpps tx=4.89 Mpps drop=0.00 Mpps
[perf] workers rx stddev=35.55 Kpps
[perf] workers flows stddev=8.41
[perf] FAT hits=4.88M misses=0.01M evictions=0.01M
[reta] greedy moves=0
[perf] w08 rx=582.16 Kpps tx=582.16 Kpps drop=0.00 Kpps flows=125
[perf] w09 rx=634.66 Kpps tx=634.66 Kpps drop=0.00 Kpps flows=144
[perf] w10 rx=658.54 Kpps tx=658.54 Kpps drop=0.00 Kpps flows=154
[perf] w11 rx=572.63 Kpps tx=572.63 Kpps drop=0.00 Kpps flows=130
[perf] w12 rx=591.71 Kpps tx=591.71 Kpps drop=0.00 Kpps flows=132
[perf] w13 rx=591.71 Kpps tx=591.71 Kpps drop=0.00 Kpps flows=128
[perf] w14 rx=629.88 Kpps tx=629.88 Kpps drop=0.00 Kpps flows=148
[perf] w15 rx=625.12 Kpps tx=625.12 Kpps drop=0.00 Kpps flows=139
[perf] gen tx=4.89 Mpps drop=0.00 Mpps
[perf] dist rx=4.89 Mpps tx=4.89 Mpps drop=0.00 Mpps
[perf] workers rx stddev=28.34 Kpps
[perf] workers flows stddev=9.75
[perf] FAT hits=4.88M misses=0.01M evictions=0.01M
[reta] greedy moves=0
[perf] w08 rx=601.26 Kpps tx=601.26 Kpps drop=0.00 Kpps flows=131
[perf] w09 rx=634.68 Kpps tx=634.68 Kpps drop=0.00 Kpps flows=140
[perf] w10 rx=720.55 Kpps tx=720.55 Kpps drop=0.00 Kpps flows=150
[perf] w11 rx=529.67 Kpps tx=529.67 Kpps drop=0.00 Kpps flows=128
[perf] w12 rx=591.73 Kpps tx=591.73 Kpps drop=0.00 Kpps flows=136
[perf] w13 rx=548.77 Kpps tx=548.77 Kpps drop=0.00 Kpps flows=130
[perf] w14 rx=625.11 Kpps tx=625.11 Kpps drop=0.00 Kpps flows=140
[perf] w15 rx=634.68 Kpps tx=634.68 Kpps drop=0.00 Kpps flows=144
[perf] gen tx=4.89 Mpps drop=0.00 Mpps
[perf] dist rx=4.89 Mpps tx=4.89 Mpps drop=0.00 Mpps
[perf] workers rx stddev=55.08 Kpps
[perf] workers flows stddev=7.09
[perf] FAT hits=4.88M misses=0.01M evictions=0.01M
[reta] greedy moves=0
[perf] w08 rx=577.41 Kpps tx=577.41 Kpps drop=0.00 Kpps flows=133
[perf] w09 rx=582.16 Kpps tx=582.16 Kpps drop=0.00 Kpps flows=144
[perf] w10 rx=758.74 Kpps tx=758.74 Kpps drop=0.00 Kpps flows=170
[perf] w11 rx=563.10 Kpps tx=563.10 Kpps drop=0.00 Kpps flows=122
[perf] w12 rx=586.95 Kpps tx=586.95 Kpps drop=0.00 Kpps flows=132
[perf] w13 rx=558.31 Kpps tx=558.31 Kpps drop=0.00 Kpps flows=121
[perf] w14 rx=606.05 Kpps tx=606.05 Kpps drop=0.00 Kpps flows=138
[perf] w15 rx=653.74 Kpps tx=653.74 Kpps drop=0.00 Kpps flows=143
[perf] gen tx=4.89 Mpps drop=0.00 Mpps
[perf] dist rx=4.89 Mpps tx=4.89 Mpps drop=0.00 Mpps
[perf] workers rx stddev=62.54 Kpps
[perf] workers flows stddev=14.54
[perf] FAT hits=4.89M misses=0.00M evictions=0.00M
[reta] greedy moves=0
[perf] w08 rx=567.85 Kpps tx=567.85 Kpps drop=0.00 Kpps flows=130
[perf] w09 rx=539.23 Kpps tx=539.23 Kpps drop=0.00 Kpps flows=130
[perf] w10 rx=768.26 Kpps tx=768.26 Kpps drop=0.00 Kpps flows=168
[perf] w11 rx=625.11 Kpps tx=625.11 Kpps drop=0.00 Kpps flows=135
[perf] w12 rx=606.03 Kpps tx=606.03 Kpps drop=0.00 Kpps flows=131
[perf] w13 rx=524.92 Kpps tx=524.92 Kpps drop=0.00 Kpps flows=124
[perf] w14 rx=615.58 Kpps tx=615.58 Kpps drop=0.00 Kpps flows=137
[perf] w15 rx=639.44 Kpps tx=639.44 Kpps drop=0.00 Kpps flows=145
[perf] gen tx=4.89 Mpps drop=0.00 Mpps
[perf] dist rx=4.89 Mpps tx=4.89 Mpps drop=0.00 Mpps
[perf] workers rx stddev=70.89 Kpps
[perf] workers flows stddev=12.89
[perf] FAT hits=4.89M misses=0.00M evictions=0.00M
[reta] greedy moves=0
[perf] w08 rx=572.64 Kpps tx=572.64 Kpps drop=0.00 Kpps flows=131
[perf] w09 rx=534.46 Kpps tx=534.46 Kpps drop=0.00 Kpps flows=121
[perf] w10 rx=739.65 Kpps tx=739.65 Kpps drop=0.00 Kpps flows=177
[perf] w11 rx=644.23 Kpps tx=644.23 Kpps drop=0.00 Kpps flows=140
[perf] w12 rx=601.27 Kpps tx=601.27 Kpps drop=0.00 Kpps flows=137
[perf] w13 rx=486.73 Kpps tx=486.73 Kpps drop=0.00 Kpps flows=119
[perf] w14 rx=668.07 Kpps tx=668.07 Kpps drop=0.00 Kpps flows=138
[perf] w15 rx=639.45 Kpps tx=639.45 Kpps drop=0.00 Kpps flows=144
[perf] gen tx=4.89 Mpps drop=0.00 Mpps
[perf] dist rx=4.89 Mpps tx=4.89 Mpps drop=0.00 Mpps
[perf] workers rx stddev=74.66 Kpps
[perf] workers flows stddev=16.81
[perf] FAT hits=4.87M misses=0.01M evictions=0.01M
[reta] greedy moves=0
[perf] w08 rx=596.50 Kpps tx=596.50 Kpps drop=0.00 Kpps flows=132
[perf] w09 rx=539.23 Kpps tx=539.23 Kpps drop=0.00 Kpps flows=125
[perf] w10 rx=749.20 Kpps tx=749.20 Kpps drop=0.00 Kpps flows=165
[perf] w11 rx=634.66 Kpps tx=634.66 Kpps drop=0.00 Kpps flows=140
[perf] w12 rx=582.19 Kpps tx=582.19 Kpps drop=0.00 Kpps flows=136
[perf] w13 rx=510.60 Kpps tx=510.60 Kpps drop=0.00 Kpps flows=115
[perf] w14 rx=610.80 Kpps tx=610.80 Kpps drop=0.00 Kpps flows=147
